Archive member included because of file (symbol)

c:/infineon/tools/dave ide/4.5.0.202105191637/eclipse/arm-gcc-49/bin/../lib/gcc/arm-none-eabi/4.9.3/armv7e-m/softfp\libgcc.a(_arm_addsubdf3.o)
                              ./i2c.o (__aeabi_ui2d)
c:/infineon/tools/dave ide/4.5.0.202105191637/eclipse/arm-gcc-49/bin/../lib/gcc/arm-none-eabi/4.9.3/armv7e-m/softfp\libgcc.a(_arm_muldivdf3.o)
                              ./i2c.o (__aeabi_dmul)
c:/infineon/tools/dave ide/4.5.0.202105191637/eclipse/arm-gcc-49/bin/../lib/gcc/arm-none-eabi/4.9.3/armv7e-m/softfp\libgcc.a(_arm_truncdfsf2.o)
                              ./i2c.o (__aeabi_d2f)
c:/infineon/tools/dave ide/4.5.0.202105191637/eclipse/arm-gcc-49/bin/../lib/gcc/arm-none-eabi/4.9.3/armv7e-m/softfp\libgcc.a(_aeabi_uldivmod.o)
                              ./Dave/Generated/TIMER/timer.o (__aeabi_uldivmod)
c:/infineon/tools/dave ide/4.5.0.202105191637/eclipse/arm-gcc-49/bin/../lib/gcc/arm-none-eabi/4.9.3/armv7e-m/softfp\libgcc.a(bpabi.o)
                              c:/infineon/tools/dave ide/4.5.0.202105191637/eclipse/arm-gcc-49/bin/../lib/gcc/arm-none-eabi/4.9.3/armv7e-m/softfp\libgcc.a(_aeabi_uldivmod.o) (__gnu_uldivmod_helper)
c:/infineon/tools/dave ide/4.5.0.202105191637/eclipse/arm-gcc-49/bin/../lib/gcc/arm-none-eabi/4.9.3/armv7e-m/softfp\libgcc.a(_dvmd_tls.o)
                              c:/infineon/tools/dave ide/4.5.0.202105191637/eclipse/arm-gcc-49/bin/../lib/gcc/arm-none-eabi/4.9.3/armv7e-m/softfp\libgcc.a(_aeabi_uldivmod.o) (__aeabi_ldiv0)
c:/infineon/tools/dave ide/4.5.0.202105191637/eclipse/arm-gcc-49/bin/../lib/gcc/arm-none-eabi/4.9.3/armv7e-m/softfp\libgcc.a(_divdi3.o)
                              c:/infineon/tools/dave ide/4.5.0.202105191637/eclipse/arm-gcc-49/bin/../lib/gcc/arm-none-eabi/4.9.3/armv7e-m/softfp\libgcc.a(bpabi.o) (__divdi3)
c:/infineon/tools/dave ide/4.5.0.202105191637/eclipse/arm-gcc-49/bin/../lib/gcc/arm-none-eabi/4.9.3/armv7e-m/softfp\libgcc.a(_udivdi3.o)
                              c:/infineon/tools/dave ide/4.5.0.202105191637/eclipse/arm-gcc-49/bin/../lib/gcc/arm-none-eabi/4.9.3/armv7e-m/softfp\libgcc.a(bpabi.o) (__udivdi3)
c:/infineon/tools/dave ide/4.5.0.202105191637/eclipse/arm-gcc-49/bin/../lib/gcc/arm-none-eabi/4.9.3/../../../../arm-none-eabi/lib/armv7e-m/softfp\libg_nano.a(lib_a-errno.o)
                              ./Libraries/Newlib/syscalls.o (__errno)
c:/infineon/tools/dave ide/4.5.0.202105191637/eclipse/arm-gcc-49/bin/../lib/gcc/arm-none-eabi/4.9.3/../../../../arm-none-eabi/lib/armv7e-m/softfp\libg_nano.a(lib_a-impure.o)
                              c:/infineon/tools/dave ide/4.5.0.202105191637/eclipse/arm-gcc-49/bin/../lib/gcc/arm-none-eabi/4.9.3/../../../../arm-none-eabi/lib/armv7e-m/softfp\libg_nano.a(lib_a-errno.o) (_impure_ptr)
c:/infineon/tools/dave ide/4.5.0.202105191637/eclipse/arm-gcc-49/bin/../lib/gcc/arm-none-eabi/4.9.3/../../../../arm-none-eabi/lib/armv7e-m/softfp\libg_nano.a(lib_a-init.o)
                              ./Startup/startup_XMC4200.o (__libc_init_array)
c:/infineon/tools/dave ide/4.5.0.202105191637/eclipse/arm-gcc-49/bin/../lib/gcc/arm-none-eabi/4.9.3/../../../../arm-none-eabi/lib/armv7e-m/softfp\libg_nano.a(lib_a-memcpy.o)
                              ./Libraries/XMCLib/src/xmc_usbd.o (memcpy)
c:/infineon/tools/dave ide/4.5.0.202105191637/eclipse/arm-gcc-49/bin/../lib/gcc/arm-none-eabi/4.9.3/../../../../arm-none-eabi/lib/armv7e-m/softfp\libg_nano.a(lib_a-memset.o)
                              ./Libraries/XMCLib/src/xmc_usbd.o (memset)
c:/infineon/tools/dave ide/4.5.0.202105191637/eclipse/arm-gcc-49/bin/../lib/gcc/arm-none-eabi/4.9.3/../../../../arm-none-eabi/lib/armv7e-m/softfp\libg_nano.a(lib_a-nano-vfprintf_float.o)
                              (_printf_float)
c:/infineon/tools/dave ide/4.5.0.202105191637/eclipse/arm-gcc-49/bin/../lib/gcc/arm-none-eabi/4.9.3/../../../../arm-none-eabi/lib/armv7e-m/softfp\libg_nano.a(lib_a-nano-vfprintf_i.o)
                              c:/infineon/tools/dave ide/4.5.0.202105191637/eclipse/arm-gcc-49/bin/../lib/gcc/arm-none-eabi/4.9.3/../../../../arm-none-eabi/lib/armv7e-m/softfp\libg_nano.a(lib_a-nano-vfprintf_float.o) (_printf_common)
c:/infineon/tools/dave ide/4.5.0.202105191637/eclipse/arm-gcc-49/bin/../lib/gcc/arm-none-eabi/4.9.3/../../../../arm-none-eabi/lib/armv7e-m/softfp\libg_nano.a(lib_a-s_fpclassify.o)
                              c:/infineon/tools/dave ide/4.5.0.202105191637/eclipse/arm-gcc-49/bin/../lib/gcc/arm-none-eabi/4.9.3/../../../../arm-none-eabi/lib/armv7e-m/softfp\libg_nano.a(lib_a-nano-vfprintf_float.o) (__fpclassifyd)
c:/infineon/tools/dave ide/4.5.0.202105191637/eclipse/arm-gcc-49/bin/../lib/gcc/arm-none-eabi/4.9.3/../../../../arm-none-eabi/lib/armv7e-m/softfp\libg_nano.a(lib_a-sprintf.o)
                              ./main.o (sprintf)
c:/infineon/tools/dave ide/4.5.0.202105191637/eclipse/arm-gcc-49/bin/../lib/gcc/arm-none-eabi/4.9.3/../../../../arm-none-eabi/lib/armv7e-m/softfp\libg_nano.a(lib_a-strlen.o)
[...]
Memory Configuration

Name             Origin             Length             Attributes
FLASH_1_cached   0x08000000         0x00040000         xr
FLASH_1_uncached 0x0c000000         0x00040000         xr
PSRAM_1          0x1fffc000         0x00004000         !xr
DSRAM_1_system   0x20000000         0x00006000         !xr
SRAM_combined    0x1fffc000         0x0000a000         !xr
*default*        0x00000000         0xffffffff

Linker script and memory map

LOAD ./Startup/startup_XMC4200.o
LOAD ./Startup/system_XMC4200.o
LOAD ./Libraries/XMCLib/src/xmc4_eru.o
LOAD ./Libraries/XMCLib/src/xmc4_flash.o
LOAD ./Libraries/XMCLib/src/xmc4_gpio.o
LOAD ./Libraries/XMCLib/src/xmc4_rtc.o
LOAD ./Libraries/XMCLib/src/xmc4_scu.o
LOAD ./Libraries/XMCLib/src/xmc_can.o
LOAD ./Libraries/XMCLib/src/xmc_ccu4.o
LOAD ./Libraries/XMCLib/src/xmc_ccu8.o
LOAD ./Libraries/XMCLib/src/xmc_common.o
LOAD ./Libraries/XMCLib/src/xmc_dac.o
LOAD ./Libraries/XMCLib/src/xmc_dma.o
LOAD ./Libraries/XMCLib/src/xmc_dsd.o
LOAD ./Libraries/XMCLib/src/xmc_ebu.o
LOAD ./Libraries/XMCLib/src/xmc_ecat.o
LOAD ./Libraries/XMCLib/src/xmc_eru.o
LOAD ./Libraries/XMCLib/src/xmc_eth_mac.o
LOAD ./Libraries/XMCLib/src/xmc_eth_phy_dp83848.o
LOAD ./Libraries/XMCLib/src/xmc_eth_phy_ksz8031rnl.o
LOAD ./Libraries/XMCLib/src/xmc_eth_phy_ksz8081rnb.o
LOAD ./Libraries/XMCLib/src/xmc_fce.o
LOAD ./Libraries/XMCLib/src/xmc_gpio.o
LOAD ./Libraries/XMCLib/src/xmc_hrpwm.o
LOAD ./Libraries/XMCLib/src/xmc_i2c.o
LOAD ./Libraries/XMCLib/src/xmc_i2s.o
LOAD ./Libraries/XMCLib/src/xmc_ledts.o
LOAD ./Libraries/XMCLib/src/xmc_posif.o
LOAD ./Libraries/XMCLib/src/xmc_rtc.o
LOAD ./Libraries/XMCLib/src/xmc_sdmmc.o
LOAD ./Libraries/XMCLib/src/xmc_spi.o
LOAD ./Libraries/XMCLib/src/xmc_uart.o
LOAD ./Libraries/XMCLib/src/xmc_usbd.o
LOAD ./Libraries/XMCLib/src/xmc_usbh.o
LOAD ./Libraries/XMCLib/src/xmc_usic.o
LOAD ./Libraries/XMCLib/src/xmc_vadc.o
LOAD ./Libraries/XMCLib/src/xmc_wdt.o
LOAD ./Libraries/Newlib/syscalls.o
LOAD ./Dave/Generated/UART/uart.o
LOAD ./Dave/Generated/UART/uart_conf.o
LOAD ./Dave/Generated/TIMER/timer.o
LOAD ./Dave/Generated/TIMER/timer_conf.o
LOAD ./Dave/Generated/PWM/pwm.o
LOAD ./Dave/Generated/PWM/pwm_conf.o
LOAD ./Dave/Generated/PIN_INTERRUPT/pin_interrupt.o
LOAD ./Dave/Generated/PIN_INTERRUPT/pin_interrupt_conf.o
LOAD ./Dave/Generated/INTERRUPT/interrupt.o
LOAD ./Dave/Generated/INTERRUPT/interrupt_conf.o
LOAD ./Dave/Generated/I2C_MASTER/i2c_master.o
LOAD ./Dave/Generated/I2C_MASTER/i2c_master_conf.o
LOAD ./Dave/Generated/GLOBAL_CCU4/global_ccu4.o
LOAD ./Dave/Generated/GLOBAL_CCU4/global_ccu4_conf.o
LOAD ./Dave/Generated/GLOBAL_CAN/global_can.o
LOAD ./Dave/Generated/GLOBAL_CAN/global_can_conf.o
LOAD ./Dave/Generated/GLOBAL_ADC/global_adc.o
LOAD ./Dave/Generated/GLOBAL_ADC/global_adc_conf.o
LOAD ./Dave/Generated/DIGITAL_IO/digital_io.o
LOAD ./Dave/Generated/DIGITAL_IO/digital_io_conf.o
LOAD ./Dave/Generated/CPU_CTRL_XMC4/cpu_ctrl_xmc4.o
LOAD ./Dave/Generated/CPU_CTRL_XMC4/cpu_ctrl_xmc4_conf.o
LOAD ./Dave/Generated/CLOCK_XMC4/clock_xmc4.o
LOAD ./Dave/Generated/CLOCK_XMC4/clock_xmc4_conf.o
LOAD ./Dave/Generated/CAN_NODE/can_node.o
LOAD ./Dave/Generated/CAN_NODE/can_node_conf.o
LOAD ./Dave/Generated/ANALOG_IO/analog_io.o
LOAD ./Dave/Generated/ANALOG_IO/analog_io_conf.o
LOAD ./Dave/Generated/ADC_MEASUREMENT/adc_measurement.o
LOAD ./Dave/Generated/ADC_MEASUREMENT/adc_measurement_conf.o
LOAD ./Dave/Generated/DAVE.o
LOAD ./can.o
LOAD ./customtime.o
LOAD ./i2c.o
LOAD ./interrupt.o
LOAD ./main.o
LOAD c:/infineon/tools/dave ide/4.5.0.202105191637/eclipse/arm-gcc-49/bin/../lib/gcc/arm-none-eabi/4.9.3/../../../../arm-none-eabi/lib/armv7e-m/softfp\libm.a
START GROUP
LOAD c:/infineon/tools/dave ide/4.5.0.202105191637/eclipse/arm-gcc-49/bin/../lib/gcc/arm-none-eabi/4.9.3/armv7e-m/softfp\libgcc.a
LOAD c:/infineon/tools/dave ide/4.5.0.202105191637/eclipse/arm-gcc-49/bin/../lib/gcc/arm-none-eabi/4.9.3/../../../../arm-none-eabi/lib/armv7e-m/softfp\libg_nano.a
LOAD c:/infineon/tools/dave ide/4.5.0.202105191637/eclipse/arm-gcc-49/bin/../lib/gcc/arm-none-eabi/4.9.3/../../../../arm-none-eabi/lib/armv7e-m/softfp\libc_nano.a
END GROUP
START GROUP
LOAD c:/infineon/tools/dave ide/4.5.0.202105191637/eclipse/arm-gcc-49/bin/../lib/gcc/arm-none-eabi/4.9.3/armv7e-m/softfp\libgcc.a
LOAD c:/infineon/tools/dave ide/4.5.0.202105191637/eclipse/arm-gcc-49/bin/../lib/gcc/arm-none-eabi/4.9.3/../../../../arm-none-eabi/lib/armv7e-m/softfp\libc_nano.a
LOAD c:/infineon/tools/dave ide/4.5.0.202105191637/eclipse/arm-gcc-49/bin/../lib/gcc/arm-none-eabi/4.9.3/../../../../arm-none-eabi/lib/armv7e-m/softfp\libnosys.a
END GROUP
START GROUP
LOAD c:/infineon/tools/dave ide/4.5.0.202105191637/eclipse/arm-gcc-49/bin/../lib/gcc/arm-none-eabi/4.9.3/armv7e-m/softfp\libgcc.a
LOAD c:/infineon/tools/dave ide/4.5.0.202105191637/eclipse/arm-gcc-49/bin/../lib/gcc/arm-none-eabi/4.9.3/../../../../arm-none-eabi/lib/armv7e-m/softfp\libc_nano.a
LOAD c:/infineon/tools/dave ide/4.5.0.202105191637/eclipse/arm-gcc-49/bin/../lib/gcc/arm-none-eabi/4.9.3/../../../../arm-none-eabi/lib/armv7e-m/softfp\libnosys.a
END GROUP
                0x00000800                stack_size = DEFINED (stack_size)?stack_size:0x800
                0x00000040                no_init_size = 0x40

.text           0x08000000     0x7f10 load address 0x0c000000
                0x08000000                sText = .
 *(.reset)
 .reset         0x08000000      0x294 ./Startup/startup_XMC4200.o
                0x08000000                __Vectors
                0x08000200                Reset_Handler
                0x08000290                DebugMon_Handler
                0x08000290                VADC0_C0_0_IRQHandler
                0x08000290                CAN0_4_IRQHandler
                0x08000290                USIC0_5_IRQHandler
                0x08000290                POSIF0_0_IRQHandler
                0x08000290                HardFault_Handler
                0x08000290                VADC0_G1_1_IRQHandler
                0x08000290                SysTick_Handler
                0x08000290                PendSV_Handler
                0x08000290                NMI_Handler
                0x08000290                USIC1_3_IRQHandler
                0x08000290                SCU_0_IRQHandler
                0x08000290                ERU0_0_IRQHandler
                0x08000290                CCU41_0_IRQHandler
                0x08000290                USIC1_5_IRQHandler
                0x08000290                CCU80_1_IRQHandler
                0x08000290                HRPWM_0_IRQHandler
                0x08000290                HRPWM_1_IRQHandler
                0x08000290                UsageFault_Handler
                0x08000290                USIC0_0_IRQHandler
                0x08000290                ERU0_2_IRQHandler
                0x08000290                ERU1_1_IRQHandler
                0x08000290                ERU0_3_IRQHandler
                0x08000290                VADC0_C0_3_IRQHandler
                0x08000290                CAN0_6_IRQHandler
                0x08000290                VADC0_G0_1_IRQHandler
                0x08000290                USIC1_1_IRQHandler
                0x08000290                CCU40_0_IRQHandler
                0x08000290                CAN0_0_IRQHandler
                0x08000290                HRPWM_3_IRQHandler
                0x08000290                Default_Handler
                0x08000290                USIC1_4_IRQHandler
                0x08000290                ERU1_3_IRQHandler
                0x08000290                USIC1_0_IRQHandler
                0x08000290                POSIF0_1_IRQHandler
                0x08000290                VADC0_G0_0_IRQHandler
                0x08000290                CCU41_3_IRQHandler
                0x08000290                CCU80_2_IRQHandler
                0x08000290                VADC0_G1_3_IRQHandler
                0x08000290                VADC0_G0_3_IRQHandler
                0x08000290                GPDMA0_0_IRQHandler
                0x08000290                PMU0_0_IRQHandler
                0x08000290                CAN0_7_IRQHandler
                0x08000290                CCU41_2_IRQHandler
                0x08000290                VADC0_C0_1_IRQHandler
                0x08000290                MemManage_Handler
                0x08000290                DAC0_0_IRQHandler
                0x08000290                SVC_Handler
                0x08000290                ERU1_2_IRQHandler
                0x08000290                CCU41_1_IRQHandler
                0x08000290                VADC0_G1_2_IRQHandler
                0x08000290                CAN0_2_IRQHandler
                0x08000290                VADC0_G0_2_IRQHandler
                0x08000290                CAN0_3_IRQHandler
                0x08000290                USIC0_3_IRQHandler
                0x08000290                HRPWM_2_IRQHandler
                0x08000290                VADC0_C0_2_IRQHandler
                0x08000290                FCE0_0_IRQHandler
                0x08000290                VADC0_G1_0_IRQHandler
                0x08000290                USB0_0_IRQHandler
                0x08000290                CAN0_5_IRQHandler
                0x08000290                CCU80_0_IRQHandler
                0x08000290                CCU40_1_IRQHandler
                0x08000290                USIC0_1_IRQHandler
                0x08000290                CCU40_3_IRQHandler
                0x08000290                BusFault_Handler
                0x08000290                LEDTS0_0_IRQHandler
                0x08000290                USIC0_4_IRQHandler
                0x08000290                ERU0_1_IRQHandler
                0x08000290                USIC1_2_IRQHandler
                0x08000290                CAN0_1_IRQHandler
                0x08000290                USIC0_2_IRQHandler
                0x08000290                DAC0_1_IRQHandler
 *(.text .text.* .gnu.linkonce.t.*)
 .text.SystemInit
                0x08000294       0x34 ./Startup/system_XMC4200.o
                0x08000294                SystemInit
 .text.SystemCoreClockUpdate
                0x080002c8       0xd4 ./Startup/system_XMC4200.o
                0x080002c8                SystemCoreClockUpdate
 .text.XMC_ERU_Enable
                0x0800039c       0x2c ./Libraries/XMCLib/src/xmc4_eru.o
                0x0800039c                XMC_ERU_Enable
 .text.XMC_GPIO_Init
                0x080003c8      0x140 ./Libraries/XMCLib/src/xmc4_gpio.o
                0x080003c8                XMC_GPIO_Init
 .text.XMC_SCU_CLOCK_GetCpuClockFrequency
                0x08000508       0x18 ./Libraries/XMCLib/src/xmc4_scu.o
 .text.XMC_SCU_GetMirrorStatus
                0x08000520       0x18 ./Libraries/XMCLib/src/xmc4_scu.o
 .text.XMC_SCU_lDelay
                0x08000538       0x44 ./Libraries/XMCLib/src/xmc4_scu.o
 .text.XMC_SCU_INTERUPT_GetEventStatus
                0x0800057c       0x18 ./Libraries/XMCLib/src/xmc4_scu.o
                0x0800057c                XMC_SCU_INTERUPT_GetEventStatus
 .text.XMC_SCU_INTERRUPT_ClearEventStatus
                0x08000594       0x1c ./Libraries/XMCLib/src/xmc4_scu.o
                0x08000594                XMC_SCU_INTERRUPT_ClearEventStatus
 .text.XMC_SCU_CLOCK_Init
                0x080005b0       0xf8 ./Libraries/XMCLib/src/xmc4_scu.o
                0x080005b0                XMC_SCU_CLOCK_Init
 .text.XMC_SCU_RESET_DeassertPeripheralReset
                0x080006a8       0x38 ./Libraries/XMCLib/src/xmc4_scu.o
                0x080006a8                XMC_SCU_RESET_DeassertPeripheralReset
 .text.XMC_SCU_RESET_IsPeripheralResetAsserted
                0x080006e0       0x48 ./Libraries/XMCLib/src/xmc4_scu.o
                0x080006e0                XMC_SCU_RESET_IsPeripheralResetAsserted
 .text.XMC_SCU_CLOCK_GetPeripheralClockFrequency
                0x08000728       0x20 ./Libraries/XMCLib/src/xmc4_scu.o
                0x08000728                XMC_SCU_CLOCK_GetPeripheralClockFrequency
 .text.XMC_SCU_CLOCK_SetSystemClockSource
                0x08000748       0x28 ./Libraries/XMCLib/src/xmc4_scu.o
                0x08000748                XMC_SCU_CLOCK_SetSystemClockSource
 .text.XMC_SCU_CLOCK_SetUsbClockSource
                0x08000770       0x28 ./Libraries/XMCLib/src/xmc4_scu.o
                0x08000770                XMC_SCU_CLOCK_SetUsbClockSource
 .text.XMC_SCU_CLOCK_SetWdtClockSource
                0x08000798       0x28 ./Libraries/XMCLib/src/xmc4_scu.o
                0x08000798                XMC_SCU_CLOCK_SetWdtClockSource
 .text.XMC_SCU_CLOCK_SetSystemPllClockSource
                0x080007c0       0x40 ./Libraries/XMCLib/src/xmc4_scu.o
                0x080007c0                XMC_SCU_CLOCK_SetSystemPllClockSource
 .text.XMC_SCU_HIB_SetRtcClockSource
                0x08000800       0x3c ./Libraries/XMCLib/src/xmc4_scu.o
                0x08000800                XMC_SCU_HIB_SetRtcClockSource
 .text.XMC_SCU_HIB_SetStandbyClockSource
                0x0800083c       0x3c ./Libraries/XMCLib/src/xmc4_scu.o
                0x0800083c                XMC_SCU_HIB_SetStandbyClockSource
 .text.XMC_SCU_CLOCK_SetSystemClockDivider
                0x08000878       0x28 ./Libraries/XMCLib/src/xmc4_scu.o
                0x08000878                XMC_SCU_CLOCK_SetSystemClockDivider
 .text.XMC_SCU_CLOCK_SetCcuClockDivider
                0x080008a0       0x28 ./Libraries/XMCLib/src/xmc4_scu.o
                0x080008a0                XMC_SCU_CLOCK_SetCcuClockDivider
 .text.XMC_SCU_CLOCK_SetCpuClockDivider
                0x080008c8       0x28 ./Libraries/XMCLib/src/xmc4_scu.o
                0x080008c8                XMC_SCU_CLOCK_SetCpuClockDivider
 .text.XMC_SCU_CLOCK_SetPeripheralClockDivider
                0x080008f0       0x28 ./Libraries/XMCLib/src/xmc4_scu.o
                0x080008f0                XMC_SCU_CLOCK_SetPeripheralClockDivider
 .text.XMC_SCU_CLOCK_SetUsbClockDivider
                0x08000918       0x28 ./Libraries/XMCLib/src/xmc4_scu.o
                0x08000918                XMC_SCU_CLOCK_SetUsbClockDivider
 .text.XMC_SCU_CLOCK_SetWdtClockDivider
                0x08000940       0x28 ./Libraries/XMCLib/src/xmc4_scu.o
                0x08000940                XMC_SCU_CLOCK_SetWdtClockDivider
 .text.XMC_SCU_CLOCK_EnableClock
                0x08000968       0x20 ./Libraries/XMCLib/src/xmc4_scu.o
                0x08000968                XMC_SCU_CLOCK_EnableClock
 .text.XMC_SCU_CLOCK_UngatePeripheralClock
                0x08000988       0x38 ./Libraries/XMCLib/src/xmc4_scu.o
                0x08000988                XMC_SCU_CLOCK_UngatePeripheralClock
 .text.XMC_SCU_CLOCK_IsPeripheralClockGated
                0x080009c0       0x48 ./Libraries/XMCLib/src/xmc4_scu.o
                0x080009c0                XMC_SCU_CLOCK_IsPeripheralClockGated
 .text.XMC_SCU_CLOCK_EnableUsbPll
                0x08000a08       0x20 ./Libraries/XMCLib/src/xmc4_scu.o
                0x08000a08                XMC_SCU_CLOCK_EnableUsbPll
 .text.XMC_SCU_CLOCK_StartUsbPll
                0x08000a28       0xb4 ./Libraries/XMCLib/src/xmc4_scu.o
                0x08000a28                XMC_SCU_CLOCK_StartUsbPll
 .text.XMC_SCU_CLOCK_SetBackupClockCalibrationMode
                0x08000adc       0x4c ./Libraries/XMCLib/src/xmc4_scu.o
                0x08000adc                XMC_SCU_CLOCK_SetBackupClockCalibrationMode
 .text.XMC_SCU_HIB_EnableHibernateDomain
                0x08000b28       0x58 ./Libraries/XMCLib/src/xmc4_scu.o
                0x08000b28                XMC_SCU_HIB_EnableHibernateDomain
 .text.XMC_SCU_CLOCK_IsLowPowerOscillatorStable
                0x08000b80       0x24 ./Libraries/XMCLib/src/xmc4_scu.o
                0x08000b80                XMC_SCU_CLOCK_IsLowPowerOscillatorStable
 .text.XMC_SCU_CLOCK_EnableLowPowerOscillator
                0x08000ba4       0x70 ./Libraries/XMCLib/src/xmc4_scu.o
                0x08000ba4                XMC_SCU_CLOCK_EnableLowPowerOscillator
 .text.XMC_SCU_CLOCK_EnableHighPerformanceOscillator
                0x08000c14       0x50 ./Libraries/XMCLib/src/xmc4_scu.o
                0x08000c14                XMC_SCU_CLOCK_EnableHighPerformanceOscillator
 .text.XMC_SCU_CLOCK_IsHighPerformanceOscillatorStable
                0x08000c64       0x28 ./Libraries/XMCLib/src/xmc4_scu.o
                0x08000c64                XMC_SCU_CLOCK_IsHighPerformanceOscillatorStable
 .text.XMC_SCU_CLOCK_EnableSystemPll
                0x08000c8c       0x20 ./Libraries/XMCLib/src/xmc4_scu.o
                0x08000c8c                XMC_SCU_CLOCK_EnableSystemPll
 .text.XMC_SCU_CLOCK_DisableSystemPll
                0x08000cac       0x20 ./Libraries/XMCLib/src/xmc4_scu.o
                0x08000cac                XMC_SCU_CLOCK_DisableSystemPll
 .text.XMC_SCU_CLOCK_StartSystemPll
                0x08000ccc      0x19c ./Libraries/XMCLib/src/xmc4_scu.o
                0x08000ccc                XMC_SCU_CLOCK_StartSystemPll
 .text.XMC_SCU_CLOCK_StepSystemPllFrequency
                0x08000e68       0x3c ./Libraries/XMCLib/src/xmc4_scu.o
                0x08000e68                XMC_SCU_CLOCK_StepSystemPllFrequency
 .text.XMC_CAN_IsPanelControlReady
                0x08000ea4       0x28 ./Libraries/XMCLib/src/xmc_can.o
 .text.XMC_CAN_PanelControl
                0x08000ecc       0x3c ./Libraries/XMCLib/src/xmc_can.o
 .text.XMC_CAN_NODE_EnableConfigurationChange
                0x08000f08       0x20 ./Libraries/XMCLib/src/xmc_can.o
 .text.XMC_CAN_NODE_DisableConfigurationChange
                0x08000f28       0x20 ./Libraries/XMCLib/src/xmc_can.o
 .text.max      0x08000f48       0x20 ./Libraries/XMCLib/src/xmc_can.o
 .text.min      0x08000f68       0x20 ./Libraries/XMCLib/src/xmc_can.o
 .text.XMC_CAN_NODE_NominalBitTimeConfigureEx
                0x08000f88      0x150 ./Libraries/XMCLib/src/xmc_can.o
                0x08000f88                XMC_CAN_NODE_NominalBitTimeConfigureEx
 .text.XMC_CAN_AllocateMOtoNodeList
                0x080010d8       0x3c ./Libraries/XMCLib/src/xmc_can.o
                0x080010d8                XMC_CAN_AllocateMOtoNodeList
 .text.XMC_CAN_Enable
                0x08001114       0x38 ./Libraries/XMCLib/src/xmc_can.o
                0x08001114                XMC_CAN_Enable
 .text.XMC_CAN_SetBaudrateClockSource
                0x0800114c       0x18 ./Libraries/XMCLib/src/xmc_can.o
                0x0800114c                XMC_CAN_SetBaudrateClockSource
 .text.XMC_CAN_GetBaudrateClockFrequency
                0x08001164       0x1c ./Libraries/XMCLib/src/xmc_can.o
                0x08001164                XMC_CAN_GetBaudrateClockFrequency
 .text.XMC_CAN_InitEx
                0x08001180       0x80 ./Libraries/XMCLib/src/xmc_can.o
                0x08001180                XMC_CAN_InitEx
 .text.XMC_CAN_MO_Config
                0x08001200      0x138 ./Libraries/XMCLib/src/xmc_can.o
                0x08001200                XMC_CAN_MO_Config
 .text.XMC_CAN_MO_UpdateData
                0x08001338       0x70 ./Libraries/XMCLib/src/xmc_can.o
                0x08001338                XMC_CAN_MO_UpdateData
 .text.XMC_CAN_MO_Transmit
                0x080013a8       0x5c ./Libraries/XMCLib/src/xmc_can.o
                0x080013a8                XMC_CAN_MO_Transmit
 .text.XMC_CAN_MO_Receive
                0x08001404      0x1a0 ./Libraries/XMCLib/src/xmc_can.o
                0x08001404                XMC_CAN_MO_Receive
 .text.XMC_CAN_NODE_EnableEvent
                0x080015a4       0x38 ./Libraries/XMCLib/src/xmc_can.o
                0x080015a4                XMC_CAN_NODE_EnableEvent
 .text.XMC_CCU4_StartPrescaler
                0x080015dc       0x1c ./Libraries/XMCLib/src/xmc_ccu4.o
 .text.XMC_CCU4_lDeassertReset
                0x080015f8       0x34 ./Libraries/XMCLib/src/xmc_ccu4.o
 .text.XMC_CCU4_lUngateClock
                0x0800162c       0x34 ./Libraries/XMCLib/src/xmc_ccu4.o
 .text.XMC_CCU4_EnableModule
                0x08001660       0x20 ./Libraries/XMCLib/src/xmc_ccu4.o
                0x08001660                XMC_CCU4_EnableModule
 .text.XMC_CCU4_Init
                0x08001680       0x3c ./Libraries/XMCLib/src/xmc_ccu4.o
                0x08001680                XMC_CCU4_Init
 .text.XMC_CCU4_SLICE_CompareInit
                0x080016bc       0x6c ./Libraries/XMCLib/src/xmc_ccu4.o
                0x080016bc                XMC_CCU4_SLICE_CompareInit
 .text.XMC_CCU4_SLICE_SetInterruptNode
                0x08001728       0xc8 ./Libraries/XMCLib/src/xmc_ccu4.o
                0x08001728                XMC_CCU4_SLICE_SetInterruptNode
 .text.XMC_ERU_ETL_Init
                0x080017f0       0x4c ./Libraries/XMCLib/src/xmc_eru.o
                0x080017f0                XMC_ERU_ETL_Init
 .text.XMC_ERU_ETL_SetEdgeDetection
                0x0800183c       0x3c ./Libraries/XMCLib/src/xmc_eru.o
                0x0800183c                XMC_ERU_ETL_SetEdgeDetection
 .text.XMC_ERU_OGU_SetServiceRequestMode
                0x08001878       0x3c ./Libraries/XMCLib/src/xmc_eru.o
                0x08001878                XMC_ERU_OGU_SetServiceRequestMode
 .text.XMC_GPIO_SetMode
                0x080018b4       0x80 ./Libraries/XMCLib/src/xmc_gpio.o
                0x080018b4                XMC_GPIO_SetMode
 .text.XMC_GPIO_SetHardwareControl
                0x08001934       0x44 ./Libraries/XMCLib/src/xmc_gpio.o
                0x08001934                XMC_GPIO_SetHardwareControl
 .text.XMC_USIC_CH_GetTransmitBufferStatus
                0x08001978       0x20 ./Libraries/XMCLib/src/xmc_i2c.o
 .text.XMC_I2C_CH_ClearStatusFlag
                0x08001998       0x20 ./Libraries/XMCLib/src/xmc_i2c.o
 .text.XMC_I2C_CH_InitEx
                0x080019b8       0x60 ./Libraries/XMCLib/src/xmc_i2c.o
                0x080019b8                XMC_I2C_CH_InitEx
 .text.XMC_I2C_CH_SetSlaveAddress
                0x08001a18       0x54 ./Libraries/XMCLib/src/xmc_i2c.o
                0x08001a18                XMC_I2C_CH_SetSlaveAddress
 .text.XMC_I2C_CH_SetBaudrateEx
                0x08001a6c       0x9c ./Libraries/XMCLib/src/xmc_i2c.o
                0x08001a6c                XMC_I2C_CH_SetBaudrateEx
 .text.XMC_I2C_CH_MasterStart
                0x08001b08       0x68 ./Libraries/XMCLib/src/xmc_i2c.o
                0x08001b08                XMC_I2C_CH_MasterStart
 .text.XMC_I2C_CH_MasterRepeatedStart
                0x08001b70       0x68 ./Libraries/XMCLib/src/xmc_i2c.o
                0x08001b70                XMC_I2C_CH_MasterRepeatedStart
 .text.XMC_I2C_CH_MasterStop
                0x08001bd8       0x4c ./Libraries/XMCLib/src/xmc_i2c.o
                0x08001bd8                XMC_I2C_CH_MasterStop
 .text.XMC_I2C_CH_MasterTransmit
                0x08001c24       0x4c ./Libraries/XMCLib/src/xmc_i2c.o
                0x08001c24                XMC_I2C_CH_MasterTransmit
 .text.XMC_I2C_CH_MasterReceiveAck
                0x08001c70       0x4c ./Libraries/XMCLib/src/xmc_i2c.o
                0x08001c70                XMC_I2C_CH_MasterReceiveAck
 .text.XMC_I2C_CH_MasterReceiveNack
                0x08001cbc       0x4c ./Libraries/XMCLib/src/xmc_i2c.o
                0x08001cbc                XMC_I2C_CH_MasterReceiveNack
 .text.XMC_I2C_CH_GetReceivedData
                0x08001d08       0x34 ./Libraries/XMCLib/src/xmc_i2c.o
                0x08001d08                XMC_I2C_CH_GetReceivedData
 .text.XMC_USIC_CH_GetTransmitBufferStatus
                0x08001d3c       0x20 ./Libraries/XMCLib/src/xmc_uart.o
 .text.XMC_UART_CH_ClearStatusFlag
                0x08001d5c       0x1c ./Libraries/XMCLib/src/xmc_uart.o
 .text.XMC_UART_CH_InitEx
                0x08001d78       0xd4 ./Libraries/XMCLib/src/xmc_uart.o
                0x08001d78                XMC_UART_CH_InitEx
 .text.XMC_UART_CH_Transmit
                0x08001e4c       0x4c ./Libraries/XMCLib/src/xmc_uart.o
                0x08001e4c                XMC_UART_CH_Transmit
 .text.XMC_UART_CH_GetReceivedData
                0x08001e98       0x34 ./Libraries/XMCLib/src/xmc_uart.o
                0x08001e98                XMC_UART_CH_GetReceivedData
 .text.XMC_USIC_CH_Enable
                0x08001ecc       0x74 ./Libraries/XMCLib/src/xmc_usic.o
                0x08001ecc                XMC_USIC_CH_Enable
 .text.XMC_USIC_CH_SetBaudrate
                0x08001f40       0xe4 ./Libraries/XMCLib/src/xmc_usic.o
                0x08001f40                XMC_USIC_CH_SetBaudrate
 .text.XMC_USIC_CH_SetBaudrateEx
                0x08002024      0x100 ./Libraries/XMCLib/src/xmc_usic.o
                0x08002024                XMC_USIC_CH_SetBaudrateEx
 .text.XMC_USIC_CH_TXFIFO_Configure
                0x08002124       0x50 ./Libraries/XMCLib/src/xmc_usic.o
                0x08002124                XMC_USIC_CH_TXFIFO_Configure
 .text.XMC_USIC_CH_RXFIFO_Configure
                0x08002174       0x54 ./Libraries/XMCLib/src/xmc_usic.o
                0x08002174                XMC_USIC_CH_RXFIFO_Configure
 .text.XMC_USIC_CH_SetInterruptNodePointer
                0x080021c8       0x38 ./Libraries/XMCLib/src/xmc_usic.o
                0x080021c8                XMC_USIC_CH_SetInterruptNodePointer
 .text.XMC_USIC_Enable
                0x08002200       0x84 ./Libraries/XMCLib/src/xmc_usic.o
                0x08002200                XMC_USIC_Enable
 .text.XMC_VADC_GROUP_ExternalMuxControlInit
                0x08002284       0x7c ./Libraries/XMCLib/src/xmc_vadc.o
 .text.XMC_VADC_GROUP_BackgroundEnableArbitrationSlot
                0x08002300       0x24 ./Libraries/XMCLib/src/xmc_vadc.o
 .text.XMC_VADC_GROUP_BackgroundDisableArbitrationSlot
                0x08002324       0x24 ./Libraries/XMCLib/src/xmc_vadc.o
 .text.XMC_VADC_GLOBAL_EnableModule
                0x08002348       0x14 ./Libraries/XMCLib/src/xmc_vadc.o
                0x08002348                XMC_VADC_GLOBAL_EnableModule
 .text.XMC_VADC_GLOBAL_Init
                0x0800235c       0x54 ./Libraries/XMCLib/src/xmc_vadc.o
                0x0800235c                XMC_VADC_GLOBAL_Init
 .text.XMC_VADC_GLOBAL_InputClassInit
                0x080023b0       0x48 ./Libraries/XMCLib/src/xmc_vadc.o
                0x080023b0                XMC_VADC_GLOBAL_InputClassInit
 .text.XMC_VADC_GLOBAL_StartupCalibration
                0x080023f8       0x64 ./Libraries/XMCLib/src/xmc_vadc.o
                0x080023f8                XMC_VADC_GLOBAL_StartupCalibration
 .text.XMC_VADC_GLOBAL_BackgroundSetReqSrcEventInterruptNode
                0x0800245c       0x48 ./Libraries/XMCLib/src/xmc_vadc.o
                0x0800245c                XMC_VADC_GLOBAL_BackgroundSetReqSrcEventInterruptNode
 .text.XMC_VADC_GROUP_Init
                0x080024a4       0x68 ./Libraries/XMCLib/src/xmc_vadc.o
                0x080024a4                XMC_VADC_GROUP_Init
 .text.XMC_VADC_GROUP_InputClassInit
                0x0800250c       0xb8 ./Libraries/XMCLib/src/xmc_vadc.o
                0x0800250c                XMC_VADC_GROUP_InputClassInit
 .text.XMC_VADC_GROUP_SetPowerMode
                0x080025c4       0x38 ./Libraries/XMCLib/src/xmc_vadc.o
                0x080025c4                XMC_VADC_GROUP_SetPowerMode
 .text.XMC_VADC_GLOBAL_BackgroundInit
                0x080025fc       0xfc ./Libraries/XMCLib/src/xmc_vadc.o
                0x080025fc                XMC_VADC_GLOBAL_BackgroundInit
 .text.XMC_VADC_GROUP_ChannelInit
                0x080026f8       0xdc ./Libraries/XMCLib/src/xmc_vadc.o
                0x080026f8                XMC_VADC_GROUP_ChannelInit
 .text._sbrk    0x080027d4       0x68 ./Libraries/Newlib/syscalls.o
                0x080027d4                _sbrk
 .text._init    0x0800283c        0xc ./Libraries/Newlib/syscalls.o
                0x0800283c                _init
 .text.XMC_USIC_CH_TXFIFO_Flush
                0x08002848       0x1c ./Dave/Generated/UART/uart.o
 .text.XMC_USIC_CH_TXFIFO_IsFull
                0x08002864       0x28 ./Dave/Generated/UART/uart.o
 .text.XMC_USIC_CH_TXFIFO_IsEmpty
                0x0800288c       0x28 ./Dave/Generated/UART/uart.o
 .text.UART_Init
                0x080028b4       0x24 ./Dave/Generated/UART/uart.o
                0x080028b4                UART_Init
 .text.UART_Transmit
                0x080028d8       0x38 ./Dave/Generated/UART/uart.o
                0x080028d8                UART_Transmit
 .text.UART_lStartTransmitPolling
                0x08002910       0xd4 ./Dave/Generated/UART/uart.o
 .text.XMC_USIC_CH_SetInputSource
                0x080029e4       0x3c ./Dave/Generated/UART/uart_conf.o
 .text.XMC_UART_CH_Init
                0x08002a20       0x1c ./Dave/Generated/UART/uart_conf.o
 .text.XMC_UART_CH_Start
                0x08002a3c       0x24 ./Dave/Generated/UART/uart_conf.o
 .text.UART_0_init
                0x08002a60       0x78 ./Dave/Generated/UART/uart_conf.o
                0x08002a60                UART_0_init
 .text.XMC_CCU4_EnableClock
                0x08002ad8       0x20 ./Dave/Generated/TIMER/timer.o
 .text.XMC_CCU4_SLICE_StartTimer
                0x08002af8       0x18 ./Dave/Generated/TIMER/timer.o
 .text.XMC_CCU4_SLICE_ClearTimer
                0x08002b10       0x18 ./Dave/Generated/TIMER/timer.o
 .text.XMC_CCU4_SLICE_SetTimerPeriodMatch
                0x08002b28       0x1c ./Dave/Generated/TIMER/timer.o
 .text.XMC_CCU4_SLICE_SetTimerCompareMatch
                0x08002b44       0x1c ./Dave/Generated/TIMER/timer.o
 .text.XMC_CCU4_EnableShadowTransfer
                0x08002b60       0x1c ./Dave/Generated/TIMER/timer.o
 .text.XMC_CCU4_SLICE_EnableEvent
                0x08002b7c       0x2c ./Dave/Generated/TIMER/timer.o
 .text.TIMER_Init
                0x08002ba8       0x3c ./Dave/Generated/TIMER/timer.o
                0x08002ba8                TIMER_Init
 .text.TIMER_CCU4_lInit
                0x08002be4       0x98 ./Dave/Generated/TIMER/timer.o
                0x08002be4                TIMER_CCU4_lInit
 .text.TIMER_CCU4_lShadowTransfer
                0x08002c7c       0x3c ./Dave/Generated/TIMER/timer.o
                0x08002c7c                TIMER_CCU4_lShadowTransfer
 .text.XMC_CCU4_EnableClock
                0x08002cb8       0x20 ./Dave/Generated/PWM/pwm.o
 .text.XMC_CCU4_SLICE_StartTimer
                0x08002cd8       0x18 ./Dave/Generated/PWM/pwm.o
 .text.XMC_CCU4_SLICE_SetTimerPeriodMatch
                0x08002cf0       0x1c ./Dave/Generated/PWM/pwm.o
 .text.XMC_CCU4_SLICE_SetTimerCompareMatch
                0x08002d0c       0x1c ./Dave/Generated/PWM/pwm.o
 .text.XMC_CCU4_EnableShadowTransfer
                0x08002d28       0x1c ./Dave/Generated/PWM/pwm.o
 .text.XMC_CCU4_SLICE_EnableEvent
                0x08002d44       0x2c ./Dave/Generated/PWM/pwm.o
 .text.PWM_lCCU4_Init
                0x08002d70       0xbc ./Dave/Generated/PWM/pwm.o
                0x08002d70                PWM_lCCU4_Init
 .text.PWM_lCCU4_ConfigInterrupts
                0x08002e2c       0x64 ./Dave/Generated/PWM/pwm.o
                0x08002e2c                PWM_lCCU4_ConfigInterrupts
 .text.PWM_lCCU4_Start
                0x08002e90       0x48 ./Dave/Generated/PWM/pwm.o
                0x08002e90                PWM_lCCU4_Start
 .text.PWM_lCCU4_SetDutyCycle
                0x08002ed8       0x80 ./Dave/Generated/PWM/pwm.o
                0x08002ed8                PWM_lCCU4_SetDutyCycle
 .text.PWM_Init
                0x08002f58       0x2c ./Dave/Generated/PWM/pwm.o
                0x08002f58                PWM_Init
 .text.PWM_Start
                0x08002f84       0x20 ./Dave/Generated/PWM/pwm.o
                0x08002f84                PWM_Start
 .text.PWM_SetDutyCycle
                0x08002fa4       0x30 ./Dave/Generated/PWM/pwm.o
                0x08002fa4                PWM_SetDutyCycle
 .text.__NVIC_GetPriorityGrouping
                0x08002fd4       0x1c ./Dave/Generated/PIN_INTERRUPT/pin_interrupt.o
 .text.__NVIC_EnableIRQ
                0x08002ff0       0x38 ./Dave/Generated/PIN_INTERRUPT/pin_interrupt.o
 .text.__NVIC_ClearPendingIRQ
                0x08003028       0x3c ./Dave/Generated/PIN_INTERRUPT/pin_interrupt.o
 .text.__NVIC_SetPriority
                0x08003064       0x54 ./Dave/Generated/PIN_INTERRUPT/pin_interrupt.o
 .text.NVIC_EncodePriority
                0x080030b8       0x64 ./Dave/Generated/PIN_INTERRUPT/pin_interrupt.o
 .text.PIN_INTERRUPT_Init
                0x0800311c       0xa0 ./Dave/Generated/PIN_INTERRUPT/pin_interrupt.o
                0x0800311c                PIN_INTERRUPT_Init
 .text.PIN_INTERRUPT_SetEdgeSensitivity
                0x080031bc       0x28 ./Dave/Generated/PIN_INTERRUPT/pin_interrupt.o
                0x080031bc                PIN_INTERRUPT_SetEdgeSensitivity
 .text.__NVIC_GetPriorityGrouping
                0x080031e4       0x1c ./Dave/Generated/INTERRUPT/interrupt.o
 .text.__NVIC_EnableIRQ
                0x08003200       0x38 ./Dave/Generated/INTERRUPT/interrupt.o
 .text.__NVIC_SetPriority
                0x08003238       0x54 ./Dave/Generated/INTERRUPT/interrupt.o
 .text.NVIC_EncodePriority
                0x0800328c       0x64 ./Dave/Generated/INTERRUPT/interrupt.o
 .text.INTERRUPT_Enable
                0x080032f0       0x1c ./Dave/Generated/INTERRUPT/interrupt.o
 .text.INTERRUPT_Init
                0x0800330c       0x4c ./Dave/Generated/INTERRUPT/interrupt.o
                0x0800330c                INTERRUPT_Init
 .text.XMC_USIC_CH_TXFIFO_IsFull
                0x08003358       0x28 ./Dave/Generated/I2C_MASTER/i2c_master.o
 .text.XMC_USIC_CH_TXFIFO_IsEmpty
                0x08003380       0x28 ./Dave/Generated/I2C_MASTER/i2c_master.o
 .text.XMC_USIC_CH_RXFIFO_IsEmpty
                0x080033a8       0x28 ./Dave/Generated/I2C_MASTER/i2c_master.o
 .text.XMC_I2C_CH_GetStatusFlag
                0x080033d0       0x18 ./Dave/Generated/I2C_MASTER/i2c_master.o
 .text.XMC_I2C_CH_ClearStatusFlag
                0x080033e8       0x20 ./Dave/Generated/I2C_MASTER/i2c_master.o
 .text.I2C_MASTER_IsTXFIFOFull
                0x08003408       0x1c ./Dave/Generated/I2C_MASTER/i2c_master.o
 .text.I2C_MASTER_IsRXFIFOEmpty
                0x08003424       0x1c ./Dave/Generated/I2C_MASTER/i2c_master.o
 .text.I2C_MASTER_GetReceivedByte
                0x08003440       0x1c ./Dave/Generated/I2C_MASTER/i2c_master.o
 .text.I2C_MASTER_TransmitByte
                0x0800345c       0x20 ./Dave/Generated/I2C_MASTER/i2c_master.o
 .text.I2C_MASTER_ReceiveACK
                0x0800347c       0x18 ./Dave/Generated/I2C_MASTER/i2c_master.o
 .text.I2C_MASTER_ReceiveNACK
                0x08003494       0x18 ./Dave/Generated/I2C_MASTER/i2c_master.o
 .text.I2C_MASTER_SendStop
                0x080034ac       0x24 ./Dave/Generated/I2C_MASTER/i2c_master.o
 .text.I2C_MASTER_SendStart
                0x080034d0       0x34 ./Dave/Generated/I2C_MASTER/i2c_master.o
 .text.I2C_MASTER_SendRepeatedStart
                0x08003504       0x34 ./Dave/Generated/I2C_MASTER/i2c_master.o
 .text.I2C_MASTER_Init
                0x08003538       0x2c ./Dave/Generated/I2C_MASTER/i2c_master.o
                0x08003538                I2C_MASTER_Init
 .text.I2C_MASTER_GetFlagStatus
                0x08003564       0x24 ./Dave/Generated/I2C_MASTER/i2c_master.o
                0x08003564                I2C_MASTER_GetFlagStatus
 .text.I2C_MASTER_ClearFlag
                0x08003588       0x1c ./Dave/Generated/I2C_MASTER/i2c_master.o
                0x08003588                I2C_MASTER_ClearFlag
 .text.I2C_MASTER_Transmit
                0x080035a4       0x54 ./Dave/Generated/I2C_MASTER/i2c_master.o
                0x080035a4                I2C_MASTER_Transmit
 .text.I2C_MASTER_Receive
                0x080035f8       0x58 ./Dave/Generated/I2C_MASTER/i2c_master.o
                0x080035f8                I2C_MASTER_Receive
 .text.I2C_MASTER_lSendStart_Or_RepeatedStart
                0x08003650       0x60 ./Dave/Generated/I2C_MASTER/i2c_master.o
 .text.I2C_MASTER_AbortTransmit
                0x080036b0       0x50 ./Dave/Generated/I2C_MASTER/i2c_master.o
                0x080036b0                I2C_MASTER_AbortTransmit
 .text.I2C_MASTER_lStartTransmitPolling
                0x08003700      0x194 ./Dave/Generated/I2C_MASTER/i2c_master.o
 .text.I2C_MASTER_lStartReceivePolling
                0x08003894      0x1c4 ./Dave/Generated/I2C_MASTER/i2c_master.o
 .text.XMC_USIC_CH_SetInputSource
                0x08003a58       0x3c ./Dave/Generated/I2C_MASTER/i2c_master_conf.o
 .text.XMC_USIC_CH_SetMode
                0x08003a94       0x28 ./Dave/Generated/I2C_MASTER/i2c_master_conf.o
 .text.XMC_I2C_CH_Init
                0x08003abc       0x1c ./Dave/Generated/I2C_MASTER/i2c_master_conf.o
 .text.XMC_I2C_CH_Start
                0x08003ad8       0x18 ./Dave/Generated/I2C_MASTER/i2c_master_conf.o
 .text.I2C_MASTER_0_disable_io
                0x08003af0       0x24 ./Dave/Generated/I2C_MASTER/i2c_master_conf.o
 .text.I2C_MASTER_0_enable_io
                0x08003b14       0x28 ./Dave/Generated/I2C_MASTER/i2c_master_conf.o
 .text.I2C_MASTER_0_init
                0x08003b3c       0x6c ./Dave/Generated/I2C_MASTER/i2c_master_conf.o
                0x08003b3c                I2C_MASTER_0_init
 .text.XMC_CCU4_StartPrescaler
                0x08003ba8       0x1c ./Dave/Generated/GLOBAL_CCU4/global_ccu4.o
 .text.GLOBAL_CCU4_Init
                0x08003bc4       0x40 ./Dave/Generated/GLOBAL_CCU4/global_ccu4.o
                0x08003bc4                GLOBAL_CCU4_Init
 .text.GLOBAL_CAN_Init
                0x08003c04       0x40 ./Dave/Generated/GLOBAL_CAN/global_can.o
                0x08003c04                GLOBAL_CAN_Init
 .text.XMC_VADC_GLOBAL_DisablePostCalibration
                0x08003c44       0x2c ./Dave/Generated/GLOBAL_ADC/global_adc.o
 .text.GLOBAL_ADC_Init
                0x08003c70       0xb0 ./Dave/Generated/GLOBAL_ADC/global_adc.o
                0x08003c70                GLOBAL_ADC_Init
 .text.DIGITAL_IO_Init
                0x08003d20       0x40 ./Dave/Generated/DIGITAL_IO/digital_io.o
                0x08003d20                DIGITAL_IO_Init
 .text.__NVIC_SetPriorityGrouping
                0x08003d60       0x48 ./Dave/Generated/CPU_CTRL_XMC4/cpu_ctrl_xmc4_conf.o
 .text.SystemCoreSetup
                0x08003da8       0xa0 ./Dave/Generated/CPU_CTRL_XMC4/cpu_ctrl_xmc4_conf.o
                0x08003da8                SystemCoreSetup
 .text.CLOCK_XMC4_Init
                0x08003e48       0x20 ./Dave/Generated/CLOCK_XMC4/clock_xmc4.o
                0x08003e48                CLOCK_XMC4_Init
 .text.OSCHP_GetFrequency
                0x08003e68       0x14 ./Dave/Generated/CLOCK_XMC4/clock_xmc4.o
                0x08003e68                OSCHP_GetFrequency
 .text.SystemCoreClockSetup
                0x08003e7c       0x50 ./Dave/Generated/CLOCK_XMC4/clock_xmc4_conf.o
                0x08003e7c                SystemCoreClockSetup
 .text.XMC_CAN_NODE_SetEventNodePointer
                0x08003ecc       0x38 ./Dave/Generated/CAN_NODE/can_node.o
 .text.XMC_CAN_NODE_SetReceiveInput
                0x08003f04       0x2c ./Dave/Generated/CAN_NODE/can_node.o
 .text.XMC_CAN_NODE_EnableLoopBack
                0x08003f30       0x20 ./Dave/Generated/CAN_NODE/can_node.o
 .text.XMC_CAN_NODE_EnableConfigurationChange
                0x08003f50       0x20 ./Dave/Generated/CAN_NODE/can_node.o
 .text.XMC_CAN_NODE_DisableConfigurationChange
                0x08003f70       0x20 ./Dave/Generated/CAN_NODE/can_node.o
 .text.XMC_CAN_NODE_SetInitBit
                0x08003f90       0x20 ./Dave/Generated/CAN_NODE/can_node.o
 .text.XMC_CAN_NODE_ResetInitBit
                0x08003fb0       0x20 ./Dave/Generated/CAN_NODE/can_node.o
 .text.XMC_CAN_NODE_ReSetAnalyzerMode
                0x08003fd0       0x20 ./Dave/Generated/CAN_NODE/can_node.o
 .text.XMC_CAN_MO_SetEventNodePointer
                0x08003ff0       0x3c ./Dave/Generated/CAN_NODE/can_node.o
 .text.XMC_CAN_MO_GetStatus
                0x0800402c       0x1c ./Dave/Generated/CAN_NODE/can_node.o
 .text.XMC_CAN_MO_EnableEvent
                0x08004048       0x24 ./Dave/Generated/CAN_NODE/can_node.o
 .text.CAN_NODE_MO_EnableTxEvent
                0x0800406c       0x1c ./Dave/Generated/CAN_NODE/can_node.o
 .text.CAN_NODE_MO_EnableRxEvent
                0x08004088       0x1c ./Dave/Generated/CAN_NODE/can_node.o
 .text.CAN_NODE_SetNodeEvents
                0x080040a4       0x74 ./Dave/Generated/CAN_NODE/can_node.o
 .text.CAN_NODE_SetNodePointer
                0x08004118       0x68 ./Dave/Generated/CAN_NODE/can_node.o
 .text.CAN_NODE_MO_Init
                0x08004180       0x58 ./Dave/Generated/CAN_NODE/can_node.o
                0x08004180                CAN_NODE_MO_Init
 .text.CAN_NODE_MO_Transmit
                0x080041d8       0x24 ./Dave/Generated/CAN_NODE/can_node.o
                0x080041d8                CAN_NODE_MO_Transmit
 .text.CAN_NODE_MO_Receive
                0x080041fc       0x24 ./Dave/Generated/CAN_NODE/can_node.o
                0x080041fc                CAN_NODE_MO_Receive
 .text.CAN_NODE_MO_GetStatus
                0x08004220       0x20 ./Dave/Generated/CAN_NODE/can_node.o
                0x08004220                CAN_NODE_MO_GetStatus
 .text.CAN_NODE_Init
                0x08004240      0x148 ./Dave/Generated/CAN_NODE/can_node.o
                0x08004240                CAN_NODE_Init
 .text.ANALOG_IO_Init
                0x08004388       0x34 ./Dave/Generated/ANALOG_IO/analog_io.o
                0x08004388                ANALOG_IO_Init
 .text.__NVIC_GetPriorityGrouping
                0x080043bc       0x1c ./Dave/Generated/ADC_MEASUREMENT/adc_measurement.o
 .text.__NVIC_EnableIRQ
                0x080043d8       0x38 ./Dave/Generated/ADC_MEASUREMENT/adc_measurement.o
 .text.__NVIC_SetPriority
                0x08004410       0x54 ./Dave/Generated/ADC_MEASUREMENT/adc_measurement.o
 .text.NVIC_EncodePriority
                0x08004464       0x64 ./Dave/Generated/ADC_MEASUREMENT/adc_measurement.o
 .text.XMC_VADC_GLOBAL_BackgroundTriggerConversion
                0x080044c8       0x24 ./Dave/Generated/ADC_MEASUREMENT/adc_measurement.o
 .text.XMC_VADC_GLOBAL_BackgroundAddChannelToSequence
                0x080044ec       0x38 ./Dave/Generated/ADC_MEASUREMENT/adc_measurement.o
 .text.XMC_VADC_GROUP_ResultInit
                0x08004524       0x24 ./Dave/Generated/ADC_MEASUREMENT/adc_measurement.o
 .text.XMC_VADC_GROUP_GetResult
                0x08004548       0x24 ./Dave/Generated/ADC_MEASUREMENT/adc_measurement.o
 .text.ADC_MEASUREMENT_Init
                0x0800456c      0x16c ./Dave/Generated/ADC_MEASUREMENT/adc_measurement.o
                0x0800456c                ADC_MEASUREMENT_Init
 .text.ADC_MEASUREMENT_GetResult
                0x080046d8       0x30 ./Dave/Generated/ADC_MEASUREMENT/adc_measurement.o
                0x080046d8                ADC_MEASUREMENT_GetResult
 .text.DAVE_Init
                0x08004708      0x100 ./Dave/Generated/DAVE.o
                0x08004708                DAVE_Init
 .text.XMC_CAN_MO_ResetStatus
                0x08004808       0x1c ./can.o
 .text.CCU80_3_IRQHandler
                0x08004824       0x98 ./can.o
                0x08004824                CCU80_3_IRQHandler
 .text.can_transmit
                0x080048bc       0xec ./can.o
                0x080048bc                can_transmit
 .text.updateTime
                0x080049a8       0x7c ./customtime.o
                0x080049a8                updateTime
 .text.I2C_MASTER_IsTxBusy
                0x08004a24       0x20 ./i2c.o
 .text.I2C_MASTER_IsRxBusy
                0x08004a44       0x20 ./i2c.o
 .text.StartMeasurement
                0x08004a64       0x44 ./i2c.o
                0x08004a64                StartMeasurement
 .text.updateTempAndHumidity
                0x08004aa8       0xf0 ./i2c.o
                0x08004aa8                updateTempAndHumidity
 .text.XMC_GPIO_ToggleOutput
                0x08004b98       0x24 ./interrupt.o
 .text.DIGITAL_IO_ToggleOutput
                0x08004bbc       0x20 ./interrupt.o
 .text.CCU40_2_IRQHandler
                0x08004bdc       0x1c ./interrupt.o
                0x08004bdc                CCU40_2_IRQHandler
 .text.ERU1_0_IRQHandler
                0x08004bf8       0x10 ./interrupt.o
                0x08004bf8                ERU1_0_IRQHandler
 .text.__NVIC_EnableIRQ
                0x08004c08       0x38 ./main.o
 .text.__NVIC_DisableIRQ
                0x08004c40       0x44 ./main.o
 .text.XMC_GPIO_ToggleOutput
                0x08004c84       0x24 ./main.o
 .text.PIN_INTERRUPT_Enable
                0x08004ca8       0x1c ./main.o
 .text.PIN_INTERRUPT_Disable
                0x08004cc4       0x1c ./main.o
 .text.DIGITAL_IO_ToggleOutput
                0x08004ce0       0x20 ./main.o
 .text.XMC_USIC_CH_RXFIFO_IsEmpty
                0x08004d00       0x28 ./main.o
 .text.UART_GetReceivedWord
                0x08004d28       0x20 ./main.o
 .text.UART_IsRXFIFOEmpty
                0x08004d48       0x1c ./main.o
 .text.main     0x08004d64      0x2f0 ./main.o
                0x08004d64                main
 .text          0x08005054      0x370 c:/infineon/tools/dave ide/4.5.0.202105191637/eclipse/arm-gcc-49/bin/../lib/gcc/arm-none-eabi/4.9.3/armv7e-m/softfp\libgcc.a(_arm_addsubdf3.o)
                0x08005054                __aeabi_drsub
                0x0800505c                __aeabi_dsub
                0x0800505c                __subdf3
                0x08005060                __aeabi_dadd
                0x08005060                __adddf3
                0x080052d8                __floatunsidf
                0x080052d8                __aeabi_ui2d
                0x080052f8                __floatsidf
                0x080052f8                __aeabi_i2d
                0x0800531c                __aeabi_f2d
                0x0800531c                __extendsfdf2
                0x08005358                __floatundidf
                0x08005358                __aeabi_ul2d
                0x08005368                __floatdidf
                0x08005368                __aeabi_l2d
 .text          0x080053c4      0x424 c:/infineon/tools/dave ide/4.5.0.202105191637/eclipse/arm-gcc-49/bin/../lib/gcc/arm-none-eabi/4.9.3/armv7e-m/softfp\libgcc.a(_arm_muldivdf3.o)
                0x080053c4                __aeabi_dmul
                0x080053c4                __muldf3
                0x08005618                __divdf3
                0x08005618                __aeabi_ddiv
 .text          0x080057e8       0xa0 c:/infineon/tools/dave ide/4.5.0.202105191637/eclipse/arm-gcc-49/bin/../lib/gcc/arm-none-eabi/4.9.3/armv7e-m/softfp\libgcc.a(_arm_truncdfsf2.o)
                0x080057e8                __truncdfsf2
                0x080057e8                __aeabi_d2f
 .text.__errno  0x08005888        0xc c:/infineon/tools/dave ide/4.5.0.202105191637/eclipse/arm-gcc-49/bin/../lib/gcc/arm-none-eabi/4.9.3/../../../../arm-none-eabi/lib/armv7e-m/softfp\libg_nano.a(lib_a-errno.o)
                0x08005888                __errno
 .text.__libc_init_array
                0x08005894       0x4c c:/infineon/tools/dave ide/4.5.0.202105191637/eclipse/arm-gcc-49/bin/../lib/gcc/arm-none-eabi/4.9.3/../../../../arm-none-eabi/lib/armv7e-m/softfp\libg_nano.a(lib_a-init.o)
                0x08005894                __libc_init_array
 .text.memcpy   0x080058e0       0x16 c:/infineon/tools/dave ide/4.5.0.202105191637/eclipse/arm-gcc-49/bin/../lib/gcc/arm-none-eabi/4.9.3/../../../../arm-none-eabi/lib/armv7e-m/softfp\libg_nano.a(lib_a-memcpy.o)
                0x080058e0                memcpy
 .text.memset   0x080058f6       0x10 c:/infineon/tools/dave ide/4.5.0.202105191637/eclipse/arm-gcc-49/bin/../lib/gcc/arm-none-eabi/4.9.3/../../../../arm-none-eabi/lib/armv7e-m/softfp\libg_nano.a(lib_a-memset.o)
                0x080058f6                memset
 .text.__cvt    0x08005906       0xc0 c:/infineon/tools/dave ide/4.5.0.202105191637/eclipse/arm-gcc-49/bin/../lib/gcc/arm-none-eabi/4.9.3/../../../../arm-none-eabi/lib/armv7e-m/softfp\libg_nano.a(lib_a-nano-vfprintf_float.o)
                0x08005906                __cvt
 .text.__exponent
                0x080059c6       0x60 c:/infineon/tools/dave ide/4.5.0.202105191637/eclipse/arm-gcc-49/bin/../lib/gcc/arm-none-eabi/4.9.3/../../../../arm-none-eabi/lib/armv7e-m/softfp\libg_nano.a(lib_a-nano-vfprintf_float.o)
                0x080059c6                __exponent
 *fill*         0x08005a26        0x2 
 .text._printf_float
                0x08005a28      0x488 c:/infineon/tools/dave ide/4.5.0.202105191637/eclipse/arm-gcc-49/bin/../lib/gcc/arm-none-eabi/4.9.3/../../../../arm-none-eabi/lib/armv7e-m/softfp\libg_nano.a(lib_a-nano-vfprintf_float.o)
                0x08005a28                _printf_float
 .text._printf_common
                0x08005eb0       0xea c:/infineon/tools/dave ide/4.5.0.202105191637/eclipse/arm-gcc-49/bin/../lib/gcc/arm-none-eabi/4.9.3/../../../../arm-none-eabi/lib/armv7e-m/softfp\libg_nano.a(lib_a-nano-vfprintf_i.o)
                0x08005eb0                _printf_common
 *fill*         0x08005f9a        0x2 
 .text._printf_i
                0x08005f9c      0x234 c:/infineon/tools/dave ide/4.5.0.202105191637/eclipse/arm-gcc-49/bin/../lib/gcc/arm-none-eabi/4.9.3/../../../../arm-none-eabi/lib/armv7e-m/softfp\libg_nano.a(lib_a-nano-vfprintf_i.o)
                0x08005f9c                _printf_i
 .text.__fpclassifyd
                0x080061d0       0x54 c:/infineon/tools/dave ide/4.5.0.202105191637/eclipse/arm-gcc-49/bin/../lib/gcc/arm-none-eabi/4.9.3/../../../../arm-none-eabi/lib/armv7e-m/softfp\libg_nano.a(lib_a-s_fpclassify.o)
                0x080061d0                __fpclassifyd
 .text.sprintf  0x08006224       0x48 c:/infineon/tools/dave ide/4.5.0.202105191637/eclipse/arm-gcc-49/bin/../lib/gcc/arm-none-eabi/4.9.3/../../../../arm-none-eabi/lib/armv7e-m/softfp\libg_nano.a(lib_a-sprintf.o)
                0x08006224                siprintf
                0x08006224                sprintf
 .text.strlen   0x0800626c       0x10 c:/infineon/tools/dave ide/4.5.0.202105191637/eclipse/arm-gcc-49/bin/../lib/gcc/arm-none-eabi/4.9.3/../../../../arm-none-eabi/lib/armv7e-m/softfp\libg_nano.a(lib_a-strlen.o)
                0x0800626c                strlen
 .text.quorem   0x0800627c      0x11a c:/infineon/tools/dave ide/4.5.0.202105191637/eclipse/arm-gcc-49/bin/../lib/gcc/arm-none-eabi/4.9.3/../../../../arm-none-eabi/lib/armv7e-m/softfp\libg_nano.a(lib_a-dtoa.o)
 *fill*         0x08006396        0x2 
 .text._dtoa_r  0x08006398      0xb88 c:/infineon/tools/dave ide/4.5.0.202105191637/eclipse/arm-gcc-49/bin/../lib/gcc/arm-none-eabi/4.9.3/../../../../arm-none-eabi/lib/armv7e-m/softfp\libg_nano.a(lib_a-dtoa.o)
                0x08006398                _dtoa_r
 .text._localeconv_r
                0x08006f20        0x8 c:/infineon/tools/dave ide/4.5.0.202105191637/eclipse/arm-gcc-49/bin/../lib/gcc/arm-none-eabi/4.9.3/../../../../arm-none-eabi/lib/armv7e-m/softfp\libg_nano.a(lib_a-locale.o)
                0x08006f20                _localeconv_r
 .text.malloc   0x08006f28       0x10 c:/infineon/tools/dave ide/4.5.0.202105191637/eclipse/arm-gcc-49/bin/../lib/gcc/arm-none-eabi/4.9.3/../../../../arm-none-eabi/lib/armv7e-m/softfp\libg_nano.a(lib_a-malloc.o)
                0x08006f28                malloc
 .text.memchr   0x08006f38       0x1e c:/infineon/tools/dave ide/4.5.0.202105191637/eclipse/arm-gcc-49/bin/../lib/gcc/arm-none-eabi/4.9.3/../../../../arm-none-eabi/lib/armv7e-m/softfp\libg_nano.a(lib_a-memchr.o)
                0x08006f38                memchr
 .text._Balloc  0x08006f56       0x6a c:/infineon/tools/dave ide/4.5.0.202105191637/eclipse/arm-gcc-49/bin/../lib/gcc/arm-none-eabi/4.9.3/../../../../arm-none-eabi/lib/armv7e-m/softfp\libg_nano.a(lib_a-mprec.o)
                0x08006f56                _Balloc
 .text._Bfree   0x08006fc0       0x2e c:/infineon/tools/dave ide/4.5.0.202105191637/eclipse/arm-gcc-49/bin/../lib/gcc/arm-none-eabi/4.9.3/../../../../arm-none-eabi/lib/armv7e-m/softfp\libg_nano.a(lib_a-mprec.o)
                0x08006fc0                _Bfree
 .text.__multadd
                0x08006fee       0x7c c:/infineon/tools/dave ide/4.5.0.202105191637/eclipse/arm-gcc-49/bin/../lib/gcc/arm-none-eabi/4.9.3/../../../../arm-none-eabi/lib/armv7e-m/softfp\libg_nano.a(lib_a-mprec.o)
                0x08006fee                __multadd
 .text.__hi0bits
                0x0800706a       0x40 c:/infineon/tools/dave ide/4.5.0.202105191637/eclipse/arm-gcc-49/bin/../lib/gcc/arm-none-eabi/4.9.3/../../../../arm-none-eabi/lib/armv7e-m/softfp\libg_nano.a(lib_a-mprec.o)
                0x0800706a                __hi0bits
 .text.__lo0bits
                0x080070aa       0x5a c:/infineon/tools/dave ide/4.5.0.202105191637/eclipse/arm-gcc-49/bin/../lib/gcc/arm-none-eabi/4.9.3/../../../../arm-none-eabi/lib/armv7e-m/softfp\libg_nano.a(lib_a-mprec.o)
                0x080070aa                __lo0bits
 .text.__i2b    0x08007104       0x12 c:/infineon/tools/dave ide/4.5.0.202105191637/eclipse/arm-gcc-49/bin/../lib/gcc/arm-none-eabi/4.9.3/../../../../arm-none-eabi/lib/armv7e-m/softfp\libg_nano.a(lib_a-mprec.o)
                0x08007104                __i2b
 .text.__multiply
                0x08007116      0x122 c:/infineon/tools/dave ide/4.5.0.202105191637/eclipse/arm-gcc-49/bin/../lib/gcc/arm-none-eabi/4.9.3/../../../../arm-none-eabi/lib/armv7e-m/softfp\libg_nano.a(lib_a-mprec.o)
                0x08007116                __multiply
 .text.__pow5mult
                0x08007238       0x9c c:/infineon/tools/dave ide/4.5.0.202105191637/eclipse/arm-gcc-49/bin/../lib/gcc/arm-none-eabi/4.9.3/../../../../arm-none-eabi/lib/armv7e-m/softfp\libg_nano.a(lib_a-mprec.o)
                0x08007238                __pow5mult
 .text.__lshift
                0x080072d4       0xa6 c:/infineon/tools/dave ide/4.5.0.202105191637/eclipse/arm-gcc-49/bin/../lib/gcc/arm-none-eabi/4.9.3/../../../../arm-none-eabi/lib/armv7e-m/softfp\libg_nano.a(lib_a-mprec.o)
                0x080072d4                __lshift
 .text.__mcmp   0x0800737a       0x38 c:/infineon/tools/dave ide/4.5.0.202105191637/eclipse/arm-gcc-49/bin/../lib/gcc/arm-none-eabi/4.9.3/../../../../arm-none-eabi/lib/armv7e-m/softfp\libg_nano.a(lib_a-mprec.o)
                0x0800737a                __mcmp
 .text.__mdiff  0x080073b2       0xbe c:/infineon/tools/dave ide/4.5.0.202105191637/eclipse/arm-gcc-49/bin/../lib/gcc/arm-none-eabi/4.9.3/../../../../arm-none-eabi/lib/armv7e-m/softfp\libg_nano.a(lib_a-mprec.o)
                0x080073b2                __mdiff
 .text.__d2b    0x08007470       0xa4 c:/infineon/tools/dave ide/4.5.0.202105191637/eclipse/arm-gcc-49/bin/../lib/gcc/arm-none-eabi/4.9.3/../../../../arm-none-eabi/lib/armv7e-m/softfp\libg_nano.a(lib_a-mprec.o)
                0x08007470                __d2b
 .text._calloc_r
                0x08007514       0x1c c:/infineon/tools/dave ide/4.5.0.202105191637/eclipse/arm-gcc-49/bin/../lib/gcc/arm-none-eabi/4.9.3/../../../../arm-none-eabi/lib/armv7e-m/softfp\libg_nano.a(lib_a-nano-callocr.o)
                0x08007514                _calloc_r
 .text._free_r  0x08007530       0x88 c:/infineon/tools/dave ide/4.5.0.202105191637/eclipse/arm-gcc-49/bin/../lib/gcc/arm-none-eabi/4.9.3/../../../../arm-none-eabi/lib/armv7e-m/softfp\libg_nano.a(lib_a-nano-freer.o)
                0x08007530                _free_r
 .text._malloc_r
                0x080075b8       0xac c:/infineon/tools/dave ide/4.5.0.202105191637/eclipse/arm-gcc-49/bin/../lib/gcc/arm-none-eabi/4.9.3/../../../../arm-none-eabi/lib/armv7e-m/softfp\libg_nano.a(lib_a-nano-mallocr.o)
                0x080075b8                _malloc_r
 .text.__ssputs_r
                0x08007664       0xb2 c:/infineon/tools/dave ide/4.5.0.202105191637/eclipse/arm-gcc-49/bin/../lib/gcc/arm-none-eabi/4.9.3/../../../../arm-none-eabi/lib/armv7e-m/softfp\libg_nano.a(lib_a-nano-svfprintf.o)
                0x08007664                __ssputs_r
 *fill*         0x08007716        0x2 
 .text._svfprintf_r
                0x08007718      0x1e4 c:/infineon/tools/dave ide/4.5.0.202105191637/eclipse/arm-gcc-49/bin/../lib/gcc/arm-none-eabi/4.9.3/../../../../arm-none-eabi/lib/armv7e-m/softfp\libg_nano.a(lib_a-nano-svfprintf.o)
                0x08007718                _svfiprintf_r
                0x08007718                _svfprintf_r
 .text._sbrk_r  0x080078fc       0x20 c:/infineon/tools/dave ide/4.5.0.202105191637/eclipse/arm-gcc-49/bin/../lib/gcc/arm-none-eabi/4.9.3/../../../../arm-none-eabi/lib/armv7e-m/softfp\libg_nano.a(lib_a-sbrkr.o)
                0x080078fc                _sbrk_r
 .text.memmove  0x0800791c       0x36 c:/infineon/tools/dave ide/4.5.0.202105191637/eclipse/arm-gcc-49/bin/../lib/gcc/arm-none-eabi/4.9.3/../../../../arm-none-eabi/lib/armv7e-m/softfp\libg_nano.a(lib_a-memmove.o)
                0x0800791c                memmove
 .text._realloc_r
                0x08007952       0x4c c:/infineon/tools/dave ide/4.5.0.202105191637/eclipse/arm-gcc-49/bin/../lib/gcc/arm-none-eabi/4.9.3/../../../../arm-none-eabi/lib/armv7e-m/softfp\libg_nano.a(lib_a-nano-reallocr.o)
                0x08007952                _realloc_r
 .text._malloc_usable_size_r
                0x0800799e       0x14 c:/infineon/tools/dave ide/4.5.0.202105191637/eclipse/arm-gcc-49/bin/../lib/gcc/arm-none-eabi/4.9.3/../../../../arm-none-eabi/lib/armv7e-m/softfp\libg_nano.a(lib_a-nano-msizer.o)
                0x0800799e                _malloc_usable_size_r
 *fill*         0x080079b2        0x2 
 .text          0x080079b4      0x110 c:/infineon/tools/dave ide/4.5.0.202105191637/eclipse/arm-gcc-49/bin/../lib/gcc/arm-none-eabi/4.9.3/armv7e-m/softfp\libgcc.a(_arm_cmpdf2.o)
                0x080079b4                __gtdf2
                0x080079b4                __gedf2
                0x080079bc                __ltdf2
                0x080079bc                __ledf2
                0x080079c4                __nedf2
                0x080079c4                __eqdf2
                0x080079c4                __cmpdf2
                0x08007a40                __aeabi_cdrcmple
                0x08007a50                __aeabi_cdcmpeq
                0x08007a50                __aeabi_cdcmple
                0x08007a60                __aeabi_dcmpeq
                0x08007a74                __aeabi_dcmplt
                0x08007a88                __aeabi_dcmple
                0x08007a9c                __aeabi_dcmpge
                0x08007ab0                __aeabi_dcmpgt
 .text          0x08007ac4       0x50 c:/infineon/tools/dave ide/4.5.0.202105191637/eclipse/arm-gcc-49/bin/../lib/gcc/arm-none-eabi/4.9.3/armv7e-m/softfp\libgcc.a(_arm_fixdfsi.o)
                0x08007ac4                __aeabi_d2iz
                0x08007ac4                __fixdfsi
 *(.init)
 *(.fini)
 *crtbegin.o(.ctors)
 *crtbegin?.o(.ctors)
 *(EXCLUDE_FILE(*crtend.o *crtend?.o) .ctors)
 *(SORT(.ctors.*))
 *(.ctors)
 *crtbegin.o(.dtors)
 *crtbegin?.o(.dtors)
 *(EXCLUDE_FILE(*crtend.o *crtend?.o) .dtors)
 *(SORT(.dtors.*))
 *(.dtors)
 *(.rodata .rodata.*)
 .rodata.g_xmc_vadc_group_array
                0x08007b14        0x8 ./Libraries/XMCLib/src/xmc_vadc.o
 .rodata.UART_0_channel_config
                0x08007b1c        0xc ./Dave/Generated/UART/uart_conf.o
                0x08007b1c                UART_0_channel_config
 .rodata.UART_0_tx_pin_config
                0x08007b28        0xc ./Dave/Generated/UART/uart_conf.o
                0x08007b28                UART_0_tx_pin_config
 .rodata.UART_0_tx_pin
                0x08007b34        0xc ./Dave/Generated/UART/uart_conf.o
                0x08007b34                UART_0_tx_pin
 .rodata.UART_0_config
                0x08007b40       0x28 ./Dave/Generated/UART/uart_conf.o
                0x08007b40                UART_0_config
 .rodata.UART_0_rx_pin_config
                0x08007b68        0xc ./Dave/Generated/UART/uart_conf.o
                0x08007b68                UART_0_rx_pin_config
 .rodata.PWM_0_compare_config
                0x08007b74        0x8 ./Dave/Generated/PWM/pwm_conf.o
                0x08007b74                PWM_0_compare_config
 .rodata.PWM_0_gpio_out_config
                0x08007b7c        0xc ./Dave/Generated/PWM/pwm_conf.o
                0x08007b7c                PWM_0_gpio_out_config
 .rodata.PIN_INTERRUPT_0
                0x08007b88       0x24 ./Dave/Generated/PIN_INTERRUPT/pin_interrupt_conf.o
                0x08007b88                PIN_INTERRUPT_0
 .rodata.INTERRUPT_0
                0x08007bac        0x4 ./Dave/Generated/INTERRUPT/interrupt_conf.o
                0x08007bac                INTERRUPT_0
 .rodata.INTERRUPT_CAN_A
                0x08007bb0        0x4 ./Dave/Generated/INTERRUPT/interrupt_conf.o
                0x08007bb0                INTERRUPT_CAN_A
 .rodata.TIMER_INT
                0x08007bb4        0x4 ./Dave/Generated/INTERRUPT/interrupt_conf.o
                0x08007bb4                TIMER_INT
 .rodata.I2C_MASTER_0_sda_pin_config
                0x08007bb8        0xc ./Dave/Generated/I2C_MASTER/i2c_master_conf.o
 .rodata.I2C_MASTER_0_scl_pin_config
                0x08007bc4        0xc ./Dave/Generated/I2C_MASTER/i2c_master_conf.o
 .rodata.I2C_MASTER_0_channel_config
                0x08007bd0        0x8 ./Dave/Generated/I2C_MASTER/i2c_master_conf.o
                0x08007bd0                I2C_MASTER_0_channel_config
 .rodata.I2C_MASTER_0_config
                0x08007bd8       0x2c ./Dave/Generated/I2C_MASTER/i2c_master_conf.o
                0x08007bd8                I2C_MASTER_0_config
 .rodata.group_init_handle0
                0x08007c04       0x14 ./Dave/Generated/GLOBAL_ADC/global_adc_conf.o
                0x08007c04                group_init_handle0
 .rodata.group_init_handle1
                0x08007c18       0x14 ./Dave/Generated/GLOBAL_ADC/global_adc_conf.o
                0x08007c18                group_init_handle1
 .rodata.global_config
                0x08007c2c       0x18 ./Dave/Generated/GLOBAL_ADC/global_adc_conf.o
                0x08007c2c                global_config
 .rodata.DIGITAL_IO_0
                0x08007c44       0x14 ./Dave/Generated/DIGITAL_IO/digital_io_conf.o
                0x08007c44                DIGITAL_IO_0
 .rodata        0x08007c58       0x14 ./Dave/Generated/CLOCK_XMC4/clock_xmc4_conf.o
 .rodata.CAN_NODE_A_gpio_out
                0x08007c6c        0x8 ./Dave/Generated/CAN_NODE/can_node_conf.o
 .rodata.CAN_NODE_A_gpio_out_config
                0x08007c74        0xc ./Dave/Generated/CAN_NODE/can_node_conf.o
 .rodata.CAN_NODE_A_gpio_in
                0x08007c80        0x8 ./Dave/Generated/CAN_NODE/can_node_conf.o
 .rodata.CAN_NODE_A_gpio_in_config
                0x08007c88        0xc ./Dave/Generated/CAN_NODE/can_node_conf.o
 .rodata.CAN_NODE_A_BitTimeConfig
                0x08007c94        0xc ./Dave/Generated/CAN_NODE/can_node_conf.o
 .rodata.CAN_NODE_A_sr
                0x08007ca0        0x4 ./Dave/Generated/CAN_NODE/can_node_conf.o
 .rodata.CAN_NODE_A_LMO_01_Config
                0x08007ca4        0xc ./Dave/Generated/CAN_NODE/can_node_conf.o
                0x08007ca4                CAN_NODE_A_LMO_01_Config
 .rodata.CAN_NODE_A_LMO_02_Config
                0x08007cb0        0xc ./Dave/Generated/CAN_NODE/can_node_conf.o
                0x08007cb0                CAN_NODE_A_LMO_02_Config
 .rodata.CAN_NODE_A
                0x08007cbc       0xa8 ./Dave/Generated/CAN_NODE/can_node_conf.o
                0x08007cbc                CAN_NODE_A
 .rodata.ANALOG_IO_0
                0x08007d64       0x10 ./Dave/Generated/ANALOG_IO/analog_io_conf.o
                0x08007d64                ANALOG_IO_0
 .rodata.ANALOG_IO_1
                0x08007d74       0x10 ./Dave/Generated/ANALOG_IO/analog_io_conf.o
                0x08007d74                ANALOG_IO_1
 .rodata.global_iclass_config
                0x08007d84        0x4 ./Dave/Generated/ADC_MEASUREMENT/adc_measurement_conf.o
                0x08007d84                global_iclass_config
 .rodata.backgnd_config
                0x08007d88        0xc ./Dave/Generated/ADC_MEASUREMENT/adc_measurement_conf.o
                0x08007d88                backgnd_config
 .rodata        0x08007d94        0x4 ./i2c.o
 .rodata        0x08007d98       0x18 ./main.o
 .rodata.str1.1
                0x08007db0        0x2 c:/infineon/tools/dave ide/4.5.0.202105191637/eclipse/arm-gcc-49/bin/../lib/gcc/arm-none-eabi/4.9.3/../../../../arm-none-eabi/lib/armv7e-m/softfp\libg_nano.a(lib_a-impure.o)
 .rodata.str1.1
                0x08007db2       0x12 c:/infineon/tools/dave ide/4.5.0.202105191637/eclipse/arm-gcc-49/bin/../lib/gcc/arm-none-eabi/4.9.3/../../../../arm-none-eabi/lib/armv7e-m/softfp\libg_nano.a(lib_a-nano-vfprintf_float.o)
 .rodata.str1.1
                0x08007dc4       0x22 c:/infineon/tools/dave ide/4.5.0.202105191637/eclipse/arm-gcc-49/bin/../lib/gcc/arm-none-eabi/4.9.3/../../../../arm-none-eabi/lib/armv7e-m/softfp\libg_nano.a(lib_a-nano-vfprintf_i.o)
 .rodata.str1.1
                0x08007de6        0xd c:/infineon/tools/dave ide/4.5.0.202105191637/eclipse/arm-gcc-49/bin/../lib/gcc/arm-none-eabi/4.9.3/../../../../arm-none-eabi/lib/armv7e-m/softfp\libg_nano.a(lib_a-dtoa.o)
                                  0xf (size before relaxing)
 .rodata.str1.1
                0x08007df3        0x8 c:/infineon/tools/dave ide/4.5.0.202105191637/eclipse/arm-gcc-49/bin/../lib/gcc/arm-none-eabi/4.9.3/../../../../arm-none-eabi/lib/armv7e-m/softfp\libg_nano.a(lib_a-locale.o)
                                  0xb (size before relaxing)
 *fill*         0x08007dfb        0x5 
 .rodata.__mprec_tens
                0x08007e00       0xc8 c:/infineon/tools/dave ide/4.5.0.202105191637/eclipse/arm-gcc-49/bin/../lib/gcc/arm-none-eabi/4.9.3/../../../../arm-none-eabi/lib/armv7e-m/softfp\libg_nano.a(lib_a-mprec.o)
                0x08007e00                __mprec_tens
 .rodata.__mprec_bigtens
                0x08007ec8       0x28 c:/infineon/tools/dave ide/4.5.0.202105191637/eclipse/arm-gcc-49/bin/../lib/gcc/arm-none-eabi/4.9.3/../../../../arm-none-eabi/lib/armv7e-m/softfp\libg_nano.a(lib_a-mprec.o)
                0x08007ec8                __mprec_bigtens
 .rodata.p05.5277
                0x08007ef0        0xc c:/infineon/tools/dave ide/4.5.0.202105191637/eclipse/arm-gcc-49/bin/../lib/gcc/arm-none-eabi/4.9.3/../../../../arm-none-eabi/lib/armv7e-m/softfp\libg_nano.a(lib_a-mprec.o)
 .rodata.str1.1
                0x08007efc       0x11 c:/infineon/tools/dave ide/4.5.0.202105191637/eclipse/arm-gcc-49/bin/../lib/gcc/arm-none-eabi/4.9.3/../../../../arm-none-eabi/lib/armv7e-m/softfp\libg_nano.a(lib_a-nano-svfprintf.o)
 *(.gnu.linkonce.r*)
 *(vtable)
                0x08007f10                . = ALIGN (0x4)
 *fill*         0x08007f0d        0x3 

.glue_7         0x08007f10        0x0 load address 0x0c007f10
 .glue_7        0x00000000        0x0 linker stubs

.glue_7t        0x08007f10        0x0 load address 0x0c007f10
 .glue_7t       0x00000000        0x0 linker stubs

.vfp11_veneer   0x08007f10        0x0 load address 0x0c007f10
 .vfp11_veneer  0x00000000        0x0 linker stubs

.v4_bx          0x08007f10        0x0 load address 0x0c007f10
 .v4_bx         0x00000000        0x0 linker stubs

.iplt           0x08007f10        0x0 load address 0x0c007f10
 .iplt          0x00000000        0x0 ./Startup/startup_XMC4200.o

.eh_frame_hdr
 *(.eh_frame_hdr)

.eh_frame       0x08007f10        0x0 load address 0x0c007f10
 *(.eh_frame)
 .eh_frame      0x08007f10        0x0 c:/infineon/tools/dave ide/4.5.0.202105191637/eclipse/arm-gcc-49/bin/../lib/gcc/arm-none-eabi/4.9.3/../../../../arm-none-eabi/lib/armv7e-m/softfp\libg_nano.a(lib_a-strcmp.o)
                                 0x28 (size before relaxing)

.rel.dyn        0x08007f10        0x0 load address 0x0c007f10
 .rel.iplt      0x00000000        0x0 ./Startup/startup_XMC4200.o

.ARM.extab
 *(.ARM.extab* .gnu.linkonce.armextab.*)
                0x08007f10                . = ALIGN (0x4)
                0x08007f10                __exidx_start = .

.ARM.exidx
 *(.ARM.exidx* .gnu.linkonce.armexidx.*)
                0x08007f10                __exidx_end = .
                0x08007f10                . = ALIGN (0x4)

Stack           0x1fffc000      0x800
                0x1fffc000                __stack_start = .
                0x1fffc800                . = (. + stack_size)
 *fill*         0x1fffc000      0x800 
                0x1fffc800                __stack_end = .
                0x1fffc800                __initial_sp = .

.ram_code       0x1fffc800        0x0 load address 0x0c007f10
                0x1fffc800                . = ALIGN (0x4)
                0x1fffc800                __ram_code_start = .
 *(.ram_code)
                0x1fffc800                . = ALIGN (0x4)
                0x1fffc800                __ram_code_end = .
                0x0c007f10                __ram_code_load = LOADADDR (.ram_code)
                0x00000000                __ram_code_size = (__ram_code_end - __ram_code_start)

.data           0x1fffc800      0x2ac load address 0x0c007f10
                0x1fffc800                . = ALIGN (0x4)
                0x1fffc800                __data_start = .
 *(.data)
 *(.data*)
 .data.UART_0   0x1fffc800        0xc ./Dave/Generated/UART/uart_conf.o
                0x1fffc800                UART_0
 .data.TIMER_0_config
                0x1fffc80c        0x8 ./Dave/Generated/TIMER/timer_conf.o
                0x1fffc80c                TIMER_0_config
 .data.TIMER_0  0x1fffc814       0x28 ./Dave/Generated/TIMER/timer_conf.o
                0x1fffc814                TIMER_0
 .data.PWM_0    0x1fffc83c       0x34 ./Dave/Generated/PWM/pwm_conf.o
                0x1fffc83c                PWM_0
 .data.I2C_MASTER_0
                0x1fffc870        0xc ./Dave/Generated/I2C_MASTER/i2c_master_conf.o
                0x1fffc870                I2C_MASTER_0
 .data.GLOBAL_CCU4_0
                0x1fffc87c       0x10 ./Dave/Generated/GLOBAL_CCU4/global_ccu4_conf.o
                0x1fffc87c                GLOBAL_CCU4_0
 .data.GLOBAL_CCU4_1
                0x1fffc88c       0x10 ./Dave/Generated/GLOBAL_CCU4/global_ccu4_conf.o
                0x1fffc88c                GLOBAL_CCU4_1
 .data.GLOBAL_CAN_0
                0x1fffc89c        0xc ./Dave/Generated/GLOBAL_CAN/global_can_conf.o
                0x1fffc89c                GLOBAL_CAN_0
 .data.group_0_config
                0x1fffc8a8        0xc ./Dave/Generated/GLOBAL_ADC/global_adc_conf.o
                0x1fffc8a8                group_0_config
 .data.group_1_config
                0x1fffc8b4        0xc ./Dave/Generated/GLOBAL_ADC/global_adc_conf.o
                0x1fffc8b4                group_1_config
 .data.GLOBAL_ADC_0
                0x1fffc8c0       0x14 ./Dave/Generated/GLOBAL_ADC/global_adc_conf.o
                0x1fffc8c0                GLOBAL_ADC_0
 *fill*         0x1fffc8d4        0x4 
 .data.CAN_NODE_A_LMO_01
                0x1fffc8d8       0x20 ./Dave/Generated/CAN_NODE/can_node_conf.o
 .data.CAN_NODE_A_LMO_02
                0x1fffc8f8       0x20 ./Dave/Generated/CAN_NODE/can_node_conf.o
 .data.Resultado_LDR_ch_config
                0x1fffc918       0x10 ./Dave/Generated/ADC_MEASUREMENT/adc_measurement_conf.o
                0x1fffc918                Resultado_LDR_ch_config
 .data.ADC_MEASUREMENT_Resultado_LDR_handle
                0x1fffc928       0x14 ./Dave/Generated/ADC_MEASUREMENT/adc_measurement_conf.o
                0x1fffc928                ADC_MEASUREMENT_Resultado_LDR_handle
 .data.Resultado_potenciometro_ch_config
                0x1fffc93c       0x10 ./Dave/Generated/ADC_MEASUREMENT/adc_measurement_conf.o
                0x1fffc93c                Resultado_potenciometro_ch_config
 .data.ADC_MEASUREMENT_Resultado_potenciometro_handle
                0x1fffc94c       0x14 ./Dave/Generated/ADC_MEASUREMENT/adc_measurement_conf.o
                0x1fffc94c                ADC_MEASUREMENT_Resultado_potenciometro_handle
 .data.ADC_MEASUREMENT_channel_array
                0x1fffc960        0x8 ./Dave/Generated/ADC_MEASUREMENT/adc_measurement_conf.o
                0x1fffc960                ADC_MEASUREMENT_channel_array
 .data.ADC_MEASUREMENT_0
                0x1fffc968       0x1c ./Dave/Generated/ADC_MEASUREMENT/adc_measurement_conf.o
                0x1fffc968                ADC_MEASUREMENT_0
 .data.confirm_mode_a
                0x1fffc984       0x14 ./main.o
                0x1fffc984                confirm_mode_a
 .data.confirm_mode_b
                0x1fffc998       0x14 ./main.o
                0x1fffc998                confirm_mode_b
 .data.confirm_mode_c
                0x1fffc9ac       0x14 ./main.o
                0x1fffc9ac                confirm_mode_c
 .data.confirm_read_potentiometer
                0x1fffc9c0       0x14 ./main.o
                0x1fffc9c0                confirm_read_potentiometer
 .data.confirm_read_ldr
                0x1fffc9d4        0xc ./main.o
                0x1fffc9d4                confirm_read_ldr
 .data.confirm_read_temperature
                0x1fffc9e0       0x10 ./main.o
                0x1fffc9e0                confirm_read_temperature
 .data.confirm_read_humidity
                0x1fffc9f0        0xc ./main.o
                0x1fffc9f0                confirm_read_humidity
 .data.error    0x1fffc9fc       0x14 ./main.o
                0x1fffc9fc                error
 .data.impure_data
                0x1fffca10       0x60 c:/infineon/tools/dave ide/4.5.0.202105191637/eclipse/arm-gcc-49/bin/../lib/gcc/arm-none-eabi/4.9.3/../../../../arm-none-eabi/lib/armv7e-m/softfp\libg_nano.a(lib_a-impure.o)
 .data._impure_ptr
                0x1fffca70        0x4 c:/infineon/tools/dave ide/4.5.0.202105191637/eclipse/arm-gcc-49/bin/../lib/gcc/arm-none-eabi/4.9.3/../../../../arm-none-eabi/lib/armv7e-m/softfp\libg_nano.a(lib_a-impure.o)
                0x1fffca70                _impure_ptr
 .data.lconv    0x1fffca74       0x38 c:/infineon/tools/dave ide/4.5.0.202105191637/eclipse/arm-gcc-49/bin/../lib/gcc/arm-none-eabi/4.9.3/../../../../arm-none-eabi/lib/armv7e-m/softfp\libg_nano.a(lib_a-locale.o)
 *(*.data)
 *(.gnu.linkonce.d*)
                0x1fffcaac                . = ALIGN (0x4)
                0x1fffcaac                PROVIDE (__preinit_array_start, .)
 *(.preinit_array)
                0x1fffcaac                PROVIDE (__preinit_array_end, .)
                0x1fffcaac                . = ALIGN (0x4)
                0x1fffcaac                PROVIDE (__init_array_start, .)
 *(SORT(.init_array.*))
 *(.init_array)
                0x1fffcaac                PROVIDE (__init_array_end, .)
                0x1fffcaac                . = ALIGN (0x4)
                0x1fffcaac                PROVIDE (__fini_array_start, .)
 *(SORT(.fini_array.*))
 *(.fini_array)
                0x1fffcaac                PROVIDE (__fini_array_end, .)
                0x1fffcaac                . = ALIGN (0x4)
                0x1fffcaac                __data_end = .
                0x0c007f10                __data_load = LOADADDR (.data)
                0x000002ac                __data_size = (__data_end - __data_start)
                0x000081bc                __text_size = (((__exidx_end - sText) + __data_size) + __ram_code_size)
                0x080081bc                eText = (sText + __text_size)

.igot.plt       0x1fffcaac        0x0 load address 0x0c0081bc
 .igot.plt      0x00000000        0x0 ./Startup/startup_XMC4200.o

.bss            0x1fffcaac       0x8c load address 0x0c0081bc
                0x1fffcaac                . = ALIGN (0x4)
                0x1fffcaac                __bss_start = .
 *(.bss)
 *(.bss*)
 .bss.heap_ptr.4331
                0x1fffcaac        0x4 ./Libraries/Newlib/syscalls.o
 .bss.UART_0_runtime
                0x1fffcab0       0x1c ./Dave/Generated/UART/uart_conf.o
                0x1fffcab0                UART_0_runtime
 .bss.I2C_MASTER_0_runtime
                0x1fffcacc       0x2c ./Dave/Generated/I2C_MASTER/i2c_master_conf.o
                0x1fffcacc                I2C_MASTER_0_runtime
 .bss.CLOCK_XMC4_0
                0x1fffcaf8        0x4 ./Dave/Generated/CLOCK_XMC4/clock_xmc4_conf.o
                0x1fffcaf8                CLOCK_XMC4_0
 .bss.ANALOG_IO_0_state
                0x1fffcafc        0x1 ./Dave/Generated/ANALOG_IO/analog_io_conf.o
 .bss.ANALOG_IO_1_state
                0x1fffcafd        0x1 ./Dave/Generated/ANALOG_IO/analog_io_conf.o
 *fill*         0x1fffcafe        0x2 
 .bss.Resultado_LDR_res_config
                0x1fffcb00        0x4 ./Dave/Generated/ADC_MEASUREMENT/adc_measurement_conf.o
                0x1fffcb00                Resultado_LDR_res_config
 .bss.Resultado_potenciometro_res_config
                0x1fffcb04        0x4 ./Dave/Generated/ADC_MEASUREMENT/adc_measurement_conf.o
                0x1fffcb04                Resultado_potenciometro_res_config
 .bss.runTime   0x1fffcb08        0xc ./main.o
                0x1fffcb08                runTime
 .bss.alinea.11883
                0x1fffcb14        0x1 ./main.o
 .bss.alineaB.11884
                0x1fffcb15        0x1 ./main.o
 *fill*         0x1fffcb16        0x2 
 .bss.__malloc_sbrk_start
                0x1fffcb18        0x4 c:/infineon/tools/dave ide/4.5.0.202105191637/eclipse/arm-gcc-49/bin/../lib/gcc/arm-none-eabi/4.9.3/../../../../arm-none-eabi/lib/armv7e-m/softfp\libg_nano.a(lib_a-nano-mallocr.o)
                0x1fffcb18                __malloc_sbrk_start
 .bss.__malloc_free_list
                0x1fffcb1c        0x4 c:/infineon/tools/dave ide/4.5.0.202105191637/eclipse/arm-gcc-49/bin/../lib/gcc/arm-none-eabi/4.9.3/../../../../arm-none-eabi/lib/armv7e-m/softfp\libg_nano.a(lib_a-nano-mallocr.o)
                0x1fffcb1c                __malloc_free_list
 *(COMMON)
 COMMON         0x1fffcb20       0x10 ./can.o
                0x1fffcb20                valor_LDR
                0x1fffcb24                temperature
                0x1fffcb28                humidity
                0x1fffcb2c                result
                0x1fffcb2e                valor_potenciometro
 COMMON         0x1fffcb30        0x1 ./main.o
                0x1fffcb30                receivedData
 *fill*         0x1fffcb31        0x3 
 COMMON         0x1fffcb34        0x4 c:/infineon/tools/dave ide/4.5.0.202105191637/eclipse/arm-gcc-49/bin/../lib/gcc/arm-none-eabi/4.9.3/../../../../arm-none-eabi/lib/armv7e-m/softfp\libg_nano.a(lib_a-reent.o)
                0x1fffcb34                errno
 *(.gnu.linkonce.b*)
                0x1fffcb38                . = ALIGN (0x4)
                0x1fffcb38                __bss_end = .
                0x0000008c                __bss_size = (__bss_end - __bss_start)
                0x000034c8                __shift_loc = (__bss_end >= ORIGIN (DSRAM_1_system))?0x0:(ORIGIN (DSRAM_1_system) - __bss_end)

USB_RAM         0x20000000        0x0
                0x20000000                . = ALIGN (0x4)
                0x20000000                USB_RAM_start = .
 *(USB_RAM)
                0x20000000                . = ALIGN (0x4)
                0x20000000                USB_RAM_end = .
                0x20000000                . = ALIGN (0x8)
                0x20000000                Heap_Bank1_Start = .
                0x00000000                USB_RAM_size = (USB_RAM_end - USB_RAM_start)

.no_init        0x20005fc0       0x20
                0x20005fc0                Heap_Bank1_End = .
 *(.no_init)
 .no_init       0x20005fc0       0x20 ./Startup/system_XMC4200.o
                0x20005fc0                SystemCoreClock
                0x20005fc4                g_chipid
                0x20005fd4                g_hrpwm_char_data
                0x00005fc0                Heap_Bank1_Size = (Heap_Bank1_End - Heap_Bank1_Start)
                0x00000001                ASSERT ((Heap_Bank1_Start <= Heap_Bank1_End), region SRAM_combined overflowed no_init section)

/DISCARD/
 *(.comment)

.stab
 *(.stab)

.stabstr
 *(.stabstr)

.debug
 *(.debug)

.line
 *(.line)

.debug_srcinfo
 *(.debug_srcinfo)

.debug_sfnames
 *(.debug_sfnames)

.debug_aranges  0x00000000     0x1680
 *(.debug_aranges)
 .debug_aranges
                0x00000000       0x20 ./Startup/startup_XMC4200.o
 .debug_aranges
                0x00000020       0x48 ./Startup/system_XMC4200.o
 .debug_aranges
                0x00000068       0x28 ./Libraries/XMCLib/src/xmc4_eru.o
 .debug_aranges
                0x00000090       0x28 ./Libraries/XMCLib/src/xmc4_gpio.o
 .debug_aranges
                0x000000b8      0x428 ./Libraries/XMCLib/src/xmc4_scu.o
 .debug_aranges
                0x000004e0      0x120 ./Libraries/XMCLib/src/xmc_can.o
 .debug_aranges
                0x00000600      0x138 ./Libraries/XMCLib/src/xmc_ccu4.o
 .debug_aranges
                0x00000738       0x88 ./Libraries/XMCLib/src/xmc_eru.o
 .debug_aranges
                0x000007c0       0x28 ./Libraries/XMCLib/src/xmc_gpio.o
 .debug_aranges
                0x000007e8       0xb0 ./Libraries/XMCLib/src/xmc_i2c.o
 .debug_aranges
                0x00000898       0x78 ./Libraries/XMCLib/src/xmc_uart.o
 .debug_aranges
                0x00000910       0xb8 ./Libraries/XMCLib/src/xmc_usic.o
 .debug_aranges
                0x000009c8      0x280 ./Libraries/XMCLib/src/xmc_vadc.o
 .debug_aranges
                0x00000c48       0x28 ./Libraries/Newlib/syscalls.o
 .debug_aranges
                0x00000c70       0x98 ./Dave/Generated/UART/uart.o
 .debug_aranges
                0x00000d08       0x38 ./Dave/Generated/UART/uart_conf.o
 .debug_aranges
                0x00000d40       0xd8 ./Dave/Generated/TIMER/timer.o
 .debug_aranges
                0x00000e18       0x18 ./Dave/Generated/TIMER/timer_conf.o
 .debug_aranges
                0x00000e30      0x110 ./Dave/Generated/PWM/pwm.o
 .debug_aranges
                0x00000f40       0x18 ./Dave/Generated/PWM/pwm_conf.o
 .debug_aranges
                0x00000f58       0x60 ./Dave/Generated/PIN_INTERRUPT/pin_interrupt.o
 .debug_aranges
                0x00000fb8       0x18 ./Dave/Generated/PIN_INTERRUPT/pin_interrupt_conf.o
 .debug_aranges
                0x00000fd0       0x50 ./Dave/Generated/INTERRUPT/interrupt.o
 .debug_aranges
                0x00001020       0x18 ./Dave/Generated/INTERRUPT/interrupt_conf.o
 .debug_aranges
                0x00001038       0xe8 ./Dave/Generated/I2C_MASTER/i2c_master.o
 .debug_aranges
                0x00001120       0x50 ./Dave/Generated/I2C_MASTER/i2c_master_conf.o
 .debug_aranges
                0x00001170       0x30 ./Dave/Generated/GLOBAL_CCU4/global_ccu4.o
 .debug_aranges
                0x000011a0       0x18 ./Dave/Generated/GLOBAL_CCU4/global_ccu4_conf.o
 .debug_aranges
                0x000011b8       0x28 ./Dave/Generated/GLOBAL_CAN/global_can.o
 .debug_aranges
                0x000011e0       0x18 ./Dave/Generated/GLOBAL_CAN/global_can_conf.o
 .debug_aranges
                0x000011f8       0x30 ./Dave/Generated/GLOBAL_ADC/global_adc.o
 .debug_aranges
                0x00001228       0x18 ./Dave/Generated/GLOBAL_ADC/global_adc_conf.o
 .debug_aranges
                0x00001240       0x28 ./Dave/Generated/DIGITAL_IO/digital_io.o
 .debug_aranges
                0x00001268       0x18 ./Dave/Generated/DIGITAL_IO/digital_io_conf.o
 .debug_aranges
                0x00001280       0x28 ./Dave/Generated/CPU_CTRL_XMC4/cpu_ctrl_xmc4_conf.o
 .debug_aranges
                0x000012a8       0x38 ./Dave/Generated/CLOCK_XMC4/clock_xmc4.o
 .debug_aranges
                0x000012e0       0x20 ./Dave/Generated/CLOCK_XMC4/clock_xmc4_conf.o
 .debug_aranges
                0x00001300      0x118 ./Dave/Generated/CAN_NODE/can_node.o
 .debug_aranges
                0x00001418       0x18 ./Dave/Generated/CAN_NODE/can_node_conf.o
 .debug_aranges
                0x00001430       0x28 ./Dave/Generated/ANALOG_IO/analog_io.o
 .debug_aranges
                0x00001458       0x18 ./Dave/Generated/ANALOG_IO/analog_io_conf.o
 .debug_aranges
                0x00001470       0x88 ./Dave/Generated/ADC_MEASUREMENT/adc_measurement.o
 .debug_aranges
                0x000014f8       0x18 ./Dave/Generated/ADC_MEASUREMENT/adc_measurement_conf.o
 .debug_aranges
                0x00001510       0x20 ./Dave/Generated/DAVE.o
 .debug_aranges
                0x00001530       0x48 ./can.o
 .debug_aranges
                0x00001578       0x20 ./customtime.o
 .debug_aranges
                0x00001598       0x48 ./i2c.o
 .debug_aranges
                0x000015e0       0x38 ./interrupt.o
 .debug_aranges
                0x00001618       0x68 ./main.o

.debug_pubnames
 *(.debug_pubnames)

.debug_pubtypes
 *(.debug_pubtypes)

.debug_info     0x00000000    0x2a201
 *(.debug_info .gnu.linkonce.wi.*)
 .debug_info    0x00000000       0x82 ./Startup/startup_XMC4200.o
 .debug_info    0x00000082      0xa06 ./Startup/system_XMC4200.o
 .debug_info    0x00000a88      0x5be ./Libraries/XMCLib/src/xmc4_eru.o
 .debug_info    0x00001046      0x4dd ./Libraries/XMCLib/src/xmc4_gpio.o
 .debug_info    0x00001523     0x26b6 ./Libraries/XMCLib/src/xmc4_scu.o
 .debug_info    0x00003bd9     0x1440 ./Libraries/XMCLib/src/xmc_can.o
 .debug_info    0x00005019     0x1702 ./Libraries/XMCLib/src/xmc_ccu4.o
 .debug_info    0x0000671b      0xb70 ./Libraries/XMCLib/src/xmc_eru.o
 .debug_info    0x0000728b      0x458 ./Libraries/XMCLib/src/xmc_gpio.o
 .debug_info    0x000076e3      0xba3 ./Libraries/XMCLib/src/xmc_i2c.o
 .debug_info    0x00008286      0x9d2 ./Libraries/XMCLib/src/xmc_uart.o
 .debug_info    0x00008c58      0xf00 ./Libraries/XMCLib/src/xmc_usic.o
 .debug_info    0x00009b58     0x30cc ./Libraries/XMCLib/src/xmc_vadc.o
 .debug_info    0x0000cc24      0x11f ./Libraries/Newlib/syscalls.o
 .debug_info    0x0000cd43     0x11cb ./Dave/Generated/UART/uart.o
 .debug_info    0x0000df0e      0xd56 ./Dave/Generated/UART/uart_conf.o
 .debug_info    0x0000ec64      0xe34 ./Dave/Generated/TIMER/timer.o
 .debug_info    0x0000fa98      0x8dd ./Dave/Generated/TIMER/timer_conf.o
 .debug_info    0x00010375     0x1473 ./Dave/Generated/PWM/pwm.o
 .debug_info    0x000117e8      0xc53 ./Dave/Generated/PWM/pwm_conf.o
 .debug_info    0x0001243b     0x1025 ./Dave/Generated/PIN_INTERRUPT/pin_interrupt.o
 .debug_info    0x00013460      0xb82 ./Dave/Generated/PIN_INTERRUPT/pin_interrupt_conf.o
 .debug_info    0x00013fe2      0x8ec ./Dave/Generated/INTERRUPT/interrupt.o
 .debug_info    0x000148ce      0x41b ./Dave/Generated/INTERRUPT/interrupt_conf.o
 .debug_info    0x00014ce9     0x1218 ./Dave/Generated/I2C_MASTER/i2c_master.o
 .debug_info    0x00015f01      0xe9f ./Dave/Generated/I2C_MASTER/i2c_master_conf.o
 .debug_info    0x00016da0      0x45f ./Dave/Generated/GLOBAL_CCU4/global_ccu4.o
 .debug_info    0x000171ff      0x371 ./Dave/Generated/GLOBAL_CCU4/global_ccu4_conf.o
 .debug_info    0x00017570      0x456 ./Dave/Generated/GLOBAL_CAN/global_can.o
 .debug_info    0x000179c6      0x374 ./Dave/Generated/GLOBAL_CAN/global_can_conf.o
 .debug_info    0x00017d3a     0x10a9 ./Dave/Generated/GLOBAL_ADC/global_adc.o
 .debug_info    0x00018de3     0x105f ./Dave/Generated/GLOBAL_ADC/global_adc_conf.o
 .debug_info    0x00019e42      0x597 ./Dave/Generated/DIGITAL_IO/digital_io.o
 .debug_info    0x0001a3d9      0x4d2 ./Dave/Generated/DIGITAL_IO/digital_io_conf.o
 .debug_info    0x0001a8ab      0x52e ./Dave/Generated/CPU_CTRL_XMC4/cpu_ctrl_xmc4_conf.o
 .debug_info    0x0001add9      0x2dd ./Dave/Generated/CLOCK_XMC4/clock_xmc4.o
 .debug_info    0x0001b0b6      0x43e ./Dave/Generated/CLOCK_XMC4/clock_xmc4_conf.o
 .debug_info    0x0001b4f4     0x154f ./Dave/Generated/CAN_NODE/can_node.o
 .debug_info    0x0001ca43      0xd13 ./Dave/Generated/CAN_NODE/can_node_conf.o
 .debug_info    0x0001d756      0x447 ./Dave/Generated/ANALOG_IO/analog_io.o
 .debug_info    0x0001db9d      0x3b6 ./Dave/Generated/ANALOG_IO/analog_io_conf.o
 .debug_info    0x0001df53     0x20a7 ./Dave/Generated/ADC_MEASUREMENT/adc_measurement.o
 .debug_info    0x0001fffa     0x1b53 ./Dave/Generated/ADC_MEASUREMENT/adc_measurement_conf.o
 .debug_info    0x00021b4d     0x3a63 ./Dave/Generated/DAVE.o
 .debug_info    0x000255b0     0x1054 ./can.o
 .debug_info    0x00026604      0x129 ./customtime.o
 .debug_info    0x0002672d      0xc1f ./i2c.o
 .debug_info    0x0002734c      0x5f0 ./interrupt.o
 .debug_info    0x0002793c     0x28c5 ./main.o

.debug_abbrev   0x00000000     0x58e9
 *(.debug_abbrev)
 .debug_abbrev  0x00000000       0x14 ./Startup/startup_XMC4200.o
 .debug_abbrev  0x00000014      0x1f1 ./Startup/system_XMC4200.o
 .debug_abbrev  0x00000205      0x180 ./Libraries/XMCLib/src/xmc4_eru.o
 .debug_abbrev  0x00000385      0x144 ./Libraries/XMCLib/src/xmc4_gpio.o
 .debug_abbrev  0x000004c9      0x2a3 ./Libraries/XMCLib/src/xmc4_scu.o
 .debug_abbrev  0x0000076c      0x2ee ./Libraries/XMCLib/src/xmc_can.o
 .debug_abbrev  0x00000a5a      0x232 ./Libraries/XMCLib/src/xmc_ccu4.o
 .debug_abbrev  0x00000c8c      0x22f ./Libraries/XMCLib/src/xmc_eru.o
 .debug_abbrev  0x00000ebb      0x144 ./Libraries/XMCLib/src/xmc_gpio.o
 .debug_abbrev  0x00000fff      0x2af ./Libraries/XMCLib/src/xmc_i2c.o
 .debug_abbrev  0x000012ae      0x225 ./Libraries/XMCLib/src/xmc_uart.o
 .debug_abbrev  0x000014d3      0x24c ./Libraries/XMCLib/src/xmc_usic.o
 .debug_abbrev  0x0000171f      0x282 ./Libraries/XMCLib/src/xmc_vadc.o
 .debug_abbrev  0x000019a1       0xbd ./Libraries/Newlib/syscalls.o
 .debug_abbrev  0x00001a5e      0x266 ./Dave/Generated/UART/uart.o
 .debug_abbrev  0x00001cc4      0x1f4 ./Dave/Generated/UART/uart_conf.o
 .debug_abbrev  0x00001eb8      0x252 ./Dave/Generated/TIMER/timer.o
 .debug_abbrev  0x0000210a      0x181 ./Dave/Generated/TIMER/timer_conf.o
 .debug_abbrev  0x0000228b      0x293 ./Dave/Generated/PWM/pwm.o
 .debug_abbrev  0x0000251e      0x1a8 ./Dave/Generated/PWM/pwm_conf.o
 .debug_abbrev  0x000026c6      0x293 ./Dave/Generated/PIN_INTERRUPT/pin_interrupt.o
 .debug_abbrev  0x00002959      0x1a1 ./Dave/Generated/PIN_INTERRUPT/pin_interrupt_conf.o
 .debug_abbrev  0x00002afa      0x212 ./Dave/Generated/INTERRUPT/interrupt.o
 .debug_abbrev  0x00002d0c       0xd8 ./Dave/Generated/INTERRUPT/interrupt_conf.o
 .debug_abbrev  0x00002de4      0x2d0 ./Dave/Generated/I2C_MASTER/i2c_master.o
 .debug_abbrev  0x000030b4      0x20a ./Dave/Generated/I2C_MASTER/i2c_master_conf.o
 .debug_abbrev  0x000032be      0x196 ./Dave/Generated/GLOBAL_CCU4/global_ccu4.o
 .debug_abbrev  0x00003454      0x124 ./Dave/Generated/GLOBAL_CCU4/global_ccu4_conf.o
 .debug_abbrev  0x00003578      0x17e ./Dave/Generated/GLOBAL_CAN/global_can.o
 .debug_abbrev  0x000036f6      0x10c ./Dave/Generated/GLOBAL_CAN/global_can_conf.o
 .debug_abbrev  0x00003802      0x20d ./Dave/Generated/GLOBAL_ADC/global_adc.o
 .debug_abbrev  0x00003a0f      0x19b ./Dave/Generated/GLOBAL_ADC/global_adc_conf.o
 .debug_abbrev  0x00003baa      0x171 ./Dave/Generated/DIGITAL_IO/digital_io.o
 .debug_abbrev  0x00003d1b      0x126 ./Dave/Generated/DIGITAL_IO/digital_io_conf.o
 .debug_abbrev  0x00003e41      0x1b4 ./Dave/Generated/CPU_CTRL_XMC4/cpu_ctrl_xmc4_conf.o
 .debug_abbrev  0x00003ff5      0x13d ./Dave/Generated/CLOCK_XMC4/clock_xmc4.o
 .debug_abbrev  0x00004132      0x134 ./Dave/Generated/CLOCK_XMC4/clock_xmc4_conf.o
 .debug_abbrev  0x00004266      0x2b8 ./Dave/Generated/CAN_NODE/can_node.o
 .debug_abbrev  0x0000451e      0x19d ./Dave/Generated/CAN_NODE/can_node_conf.o
 .debug_abbrev  0x000046bb      0x178 ./Dave/Generated/ANALOG_IO/analog_io.o
 .debug_abbrev  0x00004833      0x13c ./Dave/Generated/ANALOG_IO/analog_io_conf.o
 .debug_abbrev  0x0000496f      0x294 ./Dave/Generated/ADC_MEASUREMENT/adc_measurement.o
 .debug_abbrev  0x00004c03      0x1a2 ./Dave/Generated/ADC_MEASUREMENT/adc_measurement_conf.o
 .debug_abbrev  0x00004da5      0x216 ./Dave/Generated/DAVE.o
 .debug_abbrev  0x00004fbb      0x223 ./can.o
 .debug_abbrev  0x000051de       0x89 ./customtime.o
 .debug_abbrev  0x00005267      0x221 ./i2c.o
 .debug_abbrev  0x00005488      0x17f ./interrupt.o
 .debug_abbrev  0x00005607      0x2e2 ./main.o

.debug_line     0x00000000     0xbe1d
 *(.debug_line)
 .debug_line    0x00000000       0x87 ./Startup/startup_XMC4200.o
 .debug_line    0x00000087      0x304 ./Startup/system_XMC4200.o
 .debug_line    0x0000038b      0x28e ./Libraries/XMCLib/src/xmc4_eru.o
 .debug_line    0x00000619      0x222 ./Libraries/XMCLib/src/xmc4_gpio.o
 .debug_line    0x0000083b      0xf3a ./Libraries/XMCLib/src/xmc4_scu.o
 .debug_line    0x00001775      0x6d3 ./Libraries/XMCLib/src/xmc_can.o
 .debug_line    0x00001e48      0x62b ./Libraries/XMCLib/src/xmc_ccu4.o
 .debug_line    0x00002473      0x2eb ./Libraries/XMCLib/src/xmc_eru.o
 .debug_line    0x0000275e      0x216 ./Libraries/XMCLib/src/xmc_gpio.o
 .debug_line    0x00002974      0x3e5 ./Libraries/XMCLib/src/xmc_i2c.o
 .debug_line    0x00002d59      0x3a4 ./Libraries/XMCLib/src/xmc_uart.o
 .debug_line    0x000030fd      0x52d ./Libraries/XMCLib/src/xmc_usic.o
 .debug_line    0x0000362a      0xafd ./Libraries/XMCLib/src/xmc_vadc.o
 .debug_line    0x00004127       0xd0 ./Libraries/Newlib/syscalls.o
 .debug_line    0x000041f7      0x4ad ./Dave/Generated/UART/uart.o
 .debug_line    0x000046a4      0x2e8 ./Dave/Generated/UART/uart_conf.o
 .debug_line    0x0000498c      0x567 ./Dave/Generated/TIMER/timer.o
 .debug_line    0x00004ef3      0x2fd ./Dave/Generated/TIMER/timer_conf.o
 .debug_line    0x000051f0      0x67d ./Dave/Generated/PWM/pwm.o
 .debug_line    0x0000586d      0x314 ./Dave/Generated/PWM/pwm_conf.o
 .debug_line    0x00005b81      0x3df ./Dave/Generated/PIN_INTERRUPT/pin_interrupt.o
 .debug_line    0x00005f60      0x2a8 ./Dave/Generated/PIN_INTERRUPT/pin_interrupt_conf.o
 .debug_line    0x00006208      0x320 ./Dave/Generated/INTERRUPT/interrupt.o
 .debug_line    0x00006528      0x212 ./Dave/Generated/INTERRUPT/interrupt_conf.o
 .debug_line    0x0000673a      0x5e0 ./Dave/Generated/I2C_MASTER/i2c_master.o
 .debug_line    0x00006d1a      0x32c ./Dave/Generated/I2C_MASTER/i2c_master_conf.o
 .debug_line    0x00007046      0x328 ./Dave/Generated/GLOBAL_CCU4/global_ccu4.o
 .debug_line    0x0000736e      0x294 ./Dave/Generated/GLOBAL_CCU4/global_ccu4_conf.o
 .debug_line    0x00007602      0x301 ./Dave/Generated/GLOBAL_CAN/global_can.o
 .debug_line    0x00007903      0x282 ./Dave/Generated/GLOBAL_CAN/global_can_conf.o
 .debug_line    0x00007b85      0x334 ./Dave/Generated/GLOBAL_ADC/global_adc.o
 .debug_line    0x00007eb9      0x283 ./Dave/Generated/GLOBAL_ADC/global_adc_conf.o
 .debug_line    0x0000813c      0x286 ./Dave/Generated/DIGITAL_IO/digital_io.o
 .debug_line    0x000083c2      0x20a ./Dave/Generated/DIGITAL_IO/digital_io_conf.o
 .debug_line    0x000085cc      0x283 ./Dave/Generated/CPU_CTRL_XMC4/cpu_ctrl_xmc4_conf.o
 .debug_line    0x0000884f      0x2bc ./Dave/Generated/CLOCK_XMC4/clock_xmc4.o
 .debug_line    0x00008b0b      0x292 ./Dave/Generated/CLOCK_XMC4/clock_xmc4_conf.o
 .debug_line    0x00008d9d      0x61a ./Dave/Generated/CAN_NODE/can_node.o
 .debug_line    0x000093b7      0x311 ./Dave/Generated/CAN_NODE/can_node_conf.o
 .debug_line    0x000096c8      0x277 ./Dave/Generated/ANALOG_IO/analog_io.o